// Jest Snapshot v1, https://goo.gl/fbAQLP

exports[`Spinner tests should render 1`] = `
.c0 {
  border-radius: 2px;
  border: 1px solid #c8d3d9;
  background-color: #fff;
  font-size: 1.1em;
  position: relative;
  display: inline-block;
  overflow: hidden;
  padding: 0;
  vertical-align: middle;
}

.c1 {
  font-family: inherit;
  font-size: inherit;
  line-height: inherit;
  border: none;
  background: none;
  color: inherit;
  padding: 0;
  margin: 0.2em 0;
  vertical-align: middle;
  margin-left: 0.4em;
  margin-right: 22px;
}

.c2 {
  background-color: #c8d3d9;
  color: #787878;
  border-left: 1px solid #393637;
  width: 16px;
  height: 50%;
  font-size: 0.6em;
  padding: 0;
  margin: 0;
  text-align: center;
  vertical-align: middle;
  position: absolute;
  right: 0;
  cursor: default;
  display: block;
  overflow: hidden;
  -webkit-text-decoration: none;
  text-decoration: none;
  -webkit-user-select: none;
  -moz-user-select: none;
  -ms-user-select: none;
  user-select: none;
  border-top-right-radius: 1px;
  top: 0;
}

.c2:hover {
  background-color: #66c430;
  color: #fff;
  -webkit-text-decoration: none;
  text-decoration: none;
}

.c2:active {
  background-color: #fff;
  color: #519032;
  -webkit-text-decoration: none;
  text-decoration: none;
}

.c3 {
  background-color: #c8d3d9;
  color: #787878;
  border-left: 1px solid #393637;
  width: 16px;
  height: 50%;
  font-size: 0.6em;
  padding: 0;
  margin: 0;
  text-align: center;
  vertical-align: middle;
  position: absolute;
  right: 0;
  cursor: default;
  display: block;
  overflow: hidden;
  -webkit-text-decoration: none;
  text-decoration: none;
  -webkit-user-select: none;
  -moz-user-select: none;
  -ms-user-select: none;
  user-select: none;
  border-bottom-right-radius: 1px;
  bottom: 0;
}

.c3:hover {
  background-color: #66c430;
  color: #fff;
  -webkit-text-decoration: none;
  text-decoration: none;
}

.c3:active {
  background-color: #fff;
  color: #519032;
  -webkit-text-decoration: none;
  text-decoration: none;
}

<span
  class="c0"
>
  <input
    class="c1"
    data-testid="spinner-input"
    maxlength="5"
    size="4"
    value="1"
  />
  <span
    class="c2"
    data-testid="spinner-up"
  >
    ▲
  </span>
  <span
    class="c3"
    data-testid="spinner-down"
  >
    ▼
  </span>
</span>
`;
