// Jest Snapshot v1, https://goo.gl/fbAQLP

exports[`YesNoRadio tests should render 1`] = `
.c0 {
  display: -webkit-box;
  display: -webkit-flex;
  display: -ms-flexbox;
  display: flex;
  -webkit-flex-direction: row;
  -ms-flex-direction: row;
  flex-direction: row;
  -webkit-box-pack: start;
  -webkit-justify-content: start;
  -ms-flex-pack: start;
  justify-content: start;
  -webkit-align-items: center;
  -webkit-box-align: center;
  -ms-flex-align: center;
  align-items: center;
}

.c2 {
  display: -webkit-box;
  display: -webkit-flex;
  display: -ms-flexbox;
  display: flex;
  -webkit-flex-direction: row;
  -ms-flex-direction: row;
  flex-direction: row;
  -webkit-box-pack: start;
  -webkit-justify-content: start;
  -ms-flex-pack: start;
  justify-content: start;
  -webkit-align-items: center;
  -webkit-box-align: center;
  -ms-flex-align: center;
  align-items: center;
  margin-left: -5px;
}

.c2 > * {
  display: -webkit-inline-box;
  display: -webkit-inline-flex;
  display: -ms-inline-flexbox;
  display: inline-flex;
}

.c2 > * {
  margin-left: 5px;
}

.c1 {
  display: -webkit-box;
  display: -webkit-flex;
  display: -ms-flexbox;
  display: flex;
  -webkit-flex-direction: row;
  -ms-flex-direction: row;
  flex-direction: row;
  -webkit-box-pack: start;
  -webkit-justify-content: start;
  -ms-flex-pack: start;
  justify-content: start;
  -webkit-align-items: center;
  -webkit-box-align: center;
  -ms-flex-align: center;
  align-items: center;
  display: -webkit-inline-box;
  display: -webkit-inline-flex;
  display: -ms-inline-flexbox;
  display: inline-flex;
}

.c3 {
  display: -webkit-inline-box;
  display: -webkit-inline-flex;
  display: -ms-inline-flexbox;
  display: inline-flex;
  -webkit-flex-direction: row;
  -ms-flex-direction: row;
  flex-direction: row;
  -webkit-align-items: center;
  -webkit-box-align: center;
  -ms-flex-align: center;
  align-items: center;
  font-weight: normal;
  cursor: pointer;
}

.c4 {
  font-family: inherit;
  font-size: inherit;
  padding: 0;
  margin: 0;
  margin-left: 10px;
  line-height: normal;
  width: auto;
  height: auto;
}

.c6 {
  opacity: 1;
}

.c5 {
  display: -webkit-box;
  display: -webkit-flex;
  display: -ms-flexbox;
  display: flex;
  -webkit-flex-direction: row;
  -ms-flex-direction: row;
  flex-direction: row;
  -webkit-box-pack: start;
  -webkit-justify-content: flex-start;
  -ms-flex-pack: start;
  justify-content: flex-start;
  -webkit-align-items: center;
  -webkit-box-align: center;
  -ms-flex-align: center;
  align-items: center;
}

<div
  class="c0"
>
  <div
    class="c1"
  >
    <div
      class="c2"
      margin="5px"
    >
      <label
        class="c3"
      >
        <div
          class="c1"
        >
          <div
            class="c2"
            margin="5px"
          >
            <input
              class="c4 c5"
              data-testid="radio-input"
              type="radio"
              value="1"
            />
            <span
              class="c6"
              data-testid="radio-title"
            >
              Yes
            </span>
          </div>
        </div>
      </label>
      <label
        class="c3"
      >
        <div
          class="c1"
        >
          <div
            class="c2"
            margin="5px"
          >
            <input
              class="c4 c5"
              data-testid="radio-input"
              type="radio"
              value="0"
            />
            <span
              class="c6"
              data-testid="radio-title"
            >
              No
            </span>
          </div>
        </div>
      </label>
    </div>
  </div>
</div>
`;
