// Vitest Snapshot v1, https://vitest.dev/guide/snapshot.html

exports[`Policy Detailspage tests > should render full Detailspage 1`] = `
.c0 {
  display: -webkit-box;
  display: -webkit-flex;
  display: -ms-flexbox;
  display: flex;
  -webkit-flex-direction: column;
  -ms-flex-direction: column;
  flex-direction: column;
  -webkit-box-flex: 1;
  -webkit-flex-grow: 1;
  -ms-flex-positive: 1;
  flex-grow: 1;
  -webkit-box-pack: start;
  -ms-flex-pack: start;
  -webkit-justify-content: flex-start;
  justify-content: flex-start;
}

.c1 {
  display: -webkit-box;
  display: -webkit-flex;
  display: -ms-flexbox;
  display: flex;
  -webkit-flex-direction: row;
  -ms-flex-direction: row;
  flex-direction: row;
  -webkit-box-pack: justify;
  -webkit-justify-content: space-between;
  justify-content: space-between;
  -webkit-align-items: flex-start;
  -webkit-box-align: flex-start;
  -ms-flex-align: flex-start;
  align-items: flex-start;
}

.c2 {
  display: -webkit-box;
  display: -webkit-flex;
  display: -ms-flexbox;
  display: flex;
  -webkit-flex-direction: row;
  -ms-flex-direction: row;
  flex-direction: row;
  -webkit-box-pack: start;
  -ms-flex-pack: start;
  -webkit-justify-content: start;
  justify-content: start;
  -webkit-align-items: center;
  -webkit-box-align: center;
  -ms-flex-align: center;
  align-items: center;
}

.c9 {
  display: -webkit-box;
  display: -webkit-flex;
  display: -ms-flexbox;
  display: flex;
  -webkit-flex-direction: row;
  -ms-flex-direction: row;
  flex-direction: row;
  -webkit-box-pack: justify;
  -webkit-justify-content: space-between;
  justify-content: space-between;
  -webkit-align-items: flex-end;
  -webkit-box-align: flex-end;
  -ms-flex-align: flex-end;
  align-items: flex-end;
}

.c13 {
  display: -webkit-box;
  display: -webkit-flex;
  display: -ms-flexbox;
  display: flex;
  -webkit-flex-direction: row;
  -ms-flex-direction: row;
  flex-direction: row;
  -webkit-box-pack: start;
  -ms-flex-pack: start;
  -webkit-justify-content: flex-start;
  justify-content: flex-start;
  -webkit-align-items: flex-end;
  -webkit-box-align: flex-end;
  -ms-flex-align: flex-end;
  align-items: flex-end;
}

.c17 {
  display: -webkit-box;
  display: -webkit-flex;
  display: -ms-flexbox;
  display: flex;
  -webkit-flex-direction: row;
  -ms-flex-direction: row;
  flex-direction: row;
  -webkit-box-pack: justify;
  -webkit-justify-content: space-between;
  justify-content: space-between;
  -webkit-align-items: center;
  -webkit-box-align: center;
  -ms-flex-align: center;
  align-items: center;
}

.c18 {
  display: -webkit-box;
  display: -webkit-flex;
  display: -ms-flexbox;
  display: flex;
  -webkit-flex-direction: row;
  -ms-flex-direction: row;
  flex-direction: row;
  -webkit-box-pack: start;
  -ms-flex-pack: start;
  -webkit-justify-content: flex-start;
  justify-content: flex-start;
}

.c20 {
  display: -webkit-box;
  display: -webkit-flex;
  display: -ms-flexbox;
  display: flex;
  -webkit-flex-direction: column;
  -ms-flex-direction: column;
  flex-direction: column;
  -webkit-box-flex: 1;
  -webkit-flex-grow: 1;
  -ms-flex-positive: 1;
  flex-grow: 1;
  -webkit-box-pack: center;
  -ms-flex-pack: center;
  -webkit-justify-content: center;
  justify-content: center;
  -webkit-align-items: stretch;
  -webkit-box-align: stretch;
  -ms-flex-align: stretch;
  align-items: stretch;
}

.c21 {
  display: -webkit-box;
  display: -webkit-flex;
  display: -ms-flexbox;
  display: flex;
  -webkit-flex-direction: row;
  -ms-flex-direction: row;
  flex-direction: row;
  -webkit-box-flex: 1;
  -webkit-flex-grow: 1;
  -ms-flex-positive: 1;
  flex-grow: 1;
  -webkit-box-pack: start;
  -ms-flex-pack: start;
  -webkit-justify-content: flex-start;
  justify-content: flex-start;
  -webkit-align-items: flex-end;
  -webkit-box-align: flex-end;
  -ms-flex-align: flex-end;
  align-items: flex-end;
}

.c23 {
  display: -webkit-box;
  display: -webkit-flex;
  display: -ms-flexbox;
  display: flex;
  -webkit-flex-direction: row;
  -ms-flex-direction: row;
  flex-direction: row;
  -webkit-box-pack: start;
  -ms-flex-pack: start;
  -webkit-justify-content: flex-start;
  justify-content: flex-start;
  -webkit-align-items: stretch;
  -webkit-box-align: stretch;
  -ms-flex-align: stretch;
  align-items: stretch;
}

.c26 {
  display: -webkit-box;
  display: -webkit-flex;
  display: -ms-flexbox;
  display: flex;
  -webkit-flex-direction: column;
  -ms-flex-direction: column;
  flex-direction: column;
  -webkit-box-pack: center;
  -ms-flex-pack: center;
  -webkit-justify-content: center;
  justify-content: center;
  -webkit-align-items: center;
  -webkit-box-align: center;
  -ms-flex-align: center;
  align-items: center;
}

.c28 {
  display: -webkit-box;
  display: -webkit-flex;
  display: -ms-flexbox;
  display: flex;
  -webkit-flex-direction: column;
  -ms-flex-direction: column;
  flex-direction: column;
  -webkit-box-pack: center;
  -ms-flex-pack: center;
  -webkit-justify-content: center;
  justify-content: center;
  -webkit-align-items: stretch;
  -webkit-box-align: stretch;
  -ms-flex-align: stretch;
  align-items: stretch;
}

.c33 {
  display: -webkit-box;
  display: -webkit-flex;
  display: -ms-flexbox;
  display: flex;
  -webkit-flex-direction: row;
  -ms-flex-direction: row;
  flex-direction: row;
  -webkit-box-flex-wrap: wrap;
  -webkit-flex-wrap: wrap;
  -ms-flex-wrap: wrap;
  flex-wrap: wrap;
  -webkit-box-pack: start;
  -ms-flex-pack: start;
  -webkit-justify-content: start;
  justify-content: start;
  -webkit-align-items: center;
  -webkit-box-align: center;
  -ms-flex-align: center;
  align-items: center;
}

.c7 {
  display: -webkit-inline-box;
  display: -webkit-inline-flex;
  display: -ms-inline-flexbox;
  display: inline-flex;
}

.c4 {
  margin-left: -10px;
}

.c4>* {
  display: -webkit-inline-box;
  display: -webkit-inline-flex;
  display: -ms-inline-flexbox;
  display: inline-flex;
}

.c4>* {
  margin-left: 10px;
}

.c5 {
  margin-left: -5px;
}

.c5>* {
  display: -webkit-inline-box;
  display: -webkit-inline-flex;
  display: -ms-inline-flexbox;
  display: inline-flex;
}

.c5>* {
  margin-left: 5px;
}

.c3 {
  display: -webkit-inline-box;
  display: -webkit-inline-flex;
  display: -ms-inline-flexbox;
  display: inline-flex;
}

.c8 {
  cursor: pointer;
}

.c6 {
  height: 16px;
  width: 16px;
  line-height: 16px;
}

.c6 * {
  height: inherit;
  width: inherit;
}

.c15 {
  height: 50px;
  width: 50px;
  line-height: 50px;
}

.c15 * {
  height: inherit;
  width: inherit;
}

.c10 {
  margin: 10px 0px;
  padding-bottom: 1px;
  border-bottom: 2px solid #e5e5e5;
  position: relative;
}

.c11 {
  margin: 0 0 1px 0;
}

.c12 {
  display: -webkit-box;
  display: -webkit-flex;
  display: -ms-flexbox;
  display: flex;
  -webkit-flex-direction: row;
  -ms-flex-direction: row;
  flex-direction: row;
  -webkit-box-pack: start;
  -ms-flex-pack: start;
  -webkit-justify-content: flex-start;
  justify-content: flex-start;
  -webkit-align-items: stretch;
  -webkit-box-align: stretch;
  -ms-flex-align: stretch;
  align-items: stretch;
}

.c14 {
  margin-right: 5px;
}

.c16 {
  word-break: break-all;
  min-width: 100px;
}

.c24 {
  font-size: 16px;
  display: -webkit-box;
  display: -webkit-flex;
  display: -ms-flexbox;
  display: flex;
  -webkit-align-items: start;
  -webkit-box-align: start;
  -ms-flex-align: start;
  align-items: start;
  -webkit-box-flex: 1;
  -webkit-flex-grow: 1;
  -ms-flex-positive: 1;
  flex-grow: 1;
  padding-left: 8px;
  padding-right: 8px;
  padding-bottom: 2px;
  padding-top: 2px;
  border-left: 1px solid #f3f3f3;
  border-right: 1px solid #e5e5e5;
  cursor: pointer;
  background-color: #f3f3f3;
  border-bottom: 1px solid #f3f3f3;
  margin-bottom: -2px;
  border-top: 2px solid #11ab51;
}

.c24:hover {
  border-top: 2px solid #11ab51;
}

.c24:first-child {
  border-left: 1px solid #e5e5e5;
}

.c25 {
  font-size: 16px;
  display: -webkit-box;
  display: -webkit-flex;
  display: -ms-flexbox;
  display: flex;
  -webkit-align-items: start;
  -webkit-box-align: start;
  -ms-flex-align: start;
  align-items: start;
  -webkit-box-flex: 1;
  -webkit-flex-grow: 1;
  -ms-flex-positive: 1;
  flex-grow: 1;
  padding-left: 8px;
  padding-right: 8px;
  padding-bottom: 2px;
  padding-top: 2px;
  border-left: 1px solid #fff;
  border-right: 1px solid #e5e5e5;
  cursor: pointer;
  border-top: 2px solid #fff;
}

.c25:hover {
  border-top: 2px solid #e5e5e5;
}

.c25:first-child {
  border-left: 1px solid #fff;
}

.c22 {
  border-bottom: 2px solid #11ab51;
  margin-top: 30px;
  margin-bottom: 15px;
}

.c29 {
  border: 0;
  border-spacing: 0px;
  font-size: 12px;
  text-align: left;
  table-layout: auto;
}

.c30 td {
  padding: 4px 4px 4px 0;
}

.c30 tr td:first-child {
  padding-right: 5px;
}

.c19 {
  border-spacing: 0px;
  color: #7F7F7F;
  font-size: 10px;
}

.c19 :nth-child(even) {
  margin-left: 3px;
}

.c19 :nth-child(odd) {
  margin-left: 30px;
}

.c31 {
  width: 10%;
}

.c32 {
  width: 90%;
}

.c27 {
  font-size: 0.7em;
}

@media print {
  .c8 {
    display: none;
  }
}

@media print {
  .c29 {
    border-collapse: collapse;
  }
}

<div
  class="c0"
>
  <div
    class="c1 toolbar"
  >
    <div
      class="c2 c3"
    >
      <div
        class="c2 c4"
      >
        <div
          class="c2 c3"
        >
          <div
            class="c2 c5"
          >
            <a
              href="test/en/compliance-and-special-scans.html#configuring-and-managing-policies"
              rel="noopener noreferrer"
              target="_blank"
            >
              <span
                class="c6"
                data-testid="svg-icon"
                title="Help: Policies"
              >
                <svg
                  height="1em"
                  title="Help: Policies"
                  viewBox="0 0 67.733 67.733"
                  width="1em"
                  xmlns="http://www.w3.org/2000/svg"
                >
                  <g
                    transform="translate(0 -229.27)"
                  >
                    <g
                      transform="matrix(2.0878 0 0 2.2337 41.673 -337.41)"
                    >
                      <path
                        class="gui_icon_class"
                        d="m128 0.0078125c-70.26 0-128.01 57.023-128.01 127.98 0 70.961 57.75 128 128.01 128s127.99-57.041 127.99-128c0-70.961-57.734-127.98-127.99-127.98zm0 18.615c61.514 0 110.6 49.228 110.6 109.37 0 60.141-49.082 109.38-110.6 109.38-61.514 0-110.59-49.244-110.59-109.38 0-60.141 49.08-109.37 110.59-109.37zm0 32.318c-25.902 0-48.008 21.06-48.008 47.998h21.27c1e-5 -13.514 11.367-25.244 26.738-25.244s26.725 11.73 26.725 25.244-11.354 25.244-26.725 25.244v0.1211h-11.004v40.078h22v-18.746c20.858-4.9593 36.996-23.676 36.996-46.697 0-26.938-22.091-47.998-47.992-47.998zm-11.004 132.12v22h22v-22h-22z"
                        transform="matrix(.12673 0 0 .11845 -19.96 253.7)"
                      />
                    </g>
                  </g>
                </svg>
              </span>
            </a>
            <a
              class="c7"
              href="/policies"
            >
              <span
                class="c6"
                data-testid="svg-icon"
                title="Policies List"
              >
                <svg
                  height="1em"
                  title="Policies List"
                  viewBox="0 0 67.733 67.733"
                  width="1em"
                  xmlns="http://www.w3.org/2000/svg"
                >
                  <g
                    transform="translate(0 -229.27)"
                  >
                    <path
                      class="gui_icon_class"
                      d="m0 0v16h16v-16h-16zm64 0v16h192v-16h-192zm-64 48v16h16v-16h-16zm64 0v16h192v-16h-192zm-64 48v16h16v-16h-16zm64 0v16h192v-16h-192zm-64 48v16h16v-16h-16zm64 0v16h192v-16h-192zm-64 48v16h16v-16h-16zm64 0v16h192v-16h-192zm0 47.91v16.09h192v-16.09h-192zm-64 0.08984v16h16v-16h-16z"
                      transform="matrix(.26458 0 0 .26458 0 229.27)"
                    />
                  </g>
                </svg>
              </span>
            </a>
          </div>
        </div>
        <div
          class="c2 c3"
        >
          <div
            class="c2 c5"
          >
            <span
              class="c8 c6"
              data-testid="svg-icon"
              title="Clone Policy"
            >
              <svg
                height="1em"
                title="Clone Policy"
                viewBox="0 0 67.733 67.733"
                width="1em"
                xmlns="http://www.w3.org/2000/svg"
              >
                <g
                  transform="translate(0 -229.27)"
                >
                  <g
                    transform="matrix(2.0878 0 0 2.2337 41.673 -337.41)"
                  >
                    <path
                      class="gui_icon_class"
                      d="m141.4 30.168c-1.4823-0.007128-2.9616 0.058813-4.4277 0.19531-11.954 1.113-24.138 7.7033-30.455 19.439-3.1389-1.2367-6.4575-1.9437-9.7246-2.0273-6.9908-0.17898-14.065 1.7188-20.543 5.0117-6.4783 3.293-12.405 8.008-16.613 14.264-4.208 6.2557-6.5548 14.557-4.6406 22.984l1.2305 2.5137c-3.9083-2.1455-8.4203-3.0951-13.154-3.0645-22.218 0.1437-49.323 21.857-41.805 42.627 6.5566 18.113 33.687 25.742 51.877 17.924l-1.6309 8.3789c8.3106 16.995 22.298 28.418 36.08 32.994 2.2111 0.73419 4.4295 1.2763 6.6406 1.6367l2.3809 31.088h16.699l2.1504-36.199c0.59144-0.51742 1.168-1.059 1.7188-1.6367 1.0854 0.71505 1.6102 1.7819 2.8672 2.5215 4.895 2.8803 10.954 5.4562 17.707 6.5469 6.7531 1.0907 14.352 0.64667 21.453-3.1328 5.0524-2.689 9.2812-7.6487 12.932-13.637 4.2379 2.5642 8.7392 4.5584 13.369 5.8047l3.4434 39.473h16.699l0.50195-39.367c12.105-3.3622 22.875-12.778 27.693-26.949 5.323-3.9336 10.102-8.8803 13.656-15.482 4.1614-7.7308 7.1974-16.744 8.1367-25.971 0.93933-9.2265-0.24635-18.982-5.5938-27.008-4.2192-6.3321-11.496-10.234-20.082-12.367-1.078-15.688-10.766-29.391-23.041-36.885-7.1074-4.3388-15.248-6.7759-23.488-5.5566-5.0031 0.74038-9.6574 3.5063-13.885 7.2383-7.2505-7.7007-17.777-11.308-28.152-11.357zm-1.1484 16.566c9.6588-0.26618 18.616 4.1856 21.471 10.951l13.701 0.82422c3.0058-5.4246 6.1954-7.2504 10.127-7.832 3.9316-0.58167 8.9212 0.6187 13.715 3.5449 9.5874 5.8526 16.946 17.994 15.736 27.799l7.1055 9.332c8.8204 0.69901 12.888 3.6439 15.35 7.3379 2.4614 3.694 3.4632 9.1624 2.8047 15.631-0.65857 6.4685-3.0136 13.637-6.1641 19.49s-7.2404 10.282-9.9102 11.822l-3.7754 5.0293c-2.7665 10.458-10.248 16.202-19.559 18.17-9.3106 1.9676-19.852-0.694-26.354-7.0234l-12.346 2.9512c-2.8351 7.32-6.2459 10.738-9.832 12.646-3.5862 1.9086-7.7828 2.3215-12.252 1.5996-4.4692-0.7218-9.0518-2.617-12.561-4.6816-3.5088-2.0646-6.1567-5.1549-5.625-4.2715l-13.84 1.8476c-0.87687 2.7976-1.9448 3.7186-4.4707 4.5176-2.526 0.79948-6.6576 0.74492-11.389-0.82617-8.2912-2.7532-17.465-10.54-23.934-20.873 8.2134-9.2351 13.878-19.863 14.562-31.428 0.76866-12.994-4.0708-26.013-12.699-37.561-0.6001-3.1117-0.06326-5.8298 2.082-9.0195 2.2398-3.3298 6.1823-6.6767 10.695-8.9707 4.513-2.294 9.5525-3.514 13.531-3.4121 3.9788 0.10215 6.4642 1.3098 7.875 3.082l13.516-3.9238c1.7112-10.295 10.121-15.671 20.498-16.637 0.64856-0.060382 1.2955-0.099441 1.9395-0.11719zm-92.283 56.48a9.335 9.6514 0 0 1 4.1699 10.605 9.335 9.6514 0 0 1-8.5586 7.2617 9.335 9.6514 0 0 1-9.248-6.2969 9.335 9.6514 0 0 1 3.0762-10.998l10.561-0.57227z"
                      transform="matrix(.12673 0 0 .11845 -19.96 253.7)"
                    />
                  </g>
                </g>
              </svg>
            </span>
            <span
              class="c8 c6"
              data-testid="svg-icon"
              title="Edit Policy"
            >
              <svg
                height="1em"
                title="Edit Policy"
                viewBox="0 0 67.733 67.733"
                width="1em"
                xmlns="http://www.w3.org/2000/svg"
              >
                <g
                  transform="translate(0 -229.27)"
                >
                  <path
                    class="gui_icon_class"
                    d="m221.48-0.048828-137.1 137.1-16.971 50.912 50.912-16.971 137.1-137.1-33.941-33.943zm-221.48 16.049v240h192v-128h-16.006v112.01h-160v-208.01h144.01v-15.996h-160z"
                    transform="matrix(.26458 0 0 .26458 0 229.27)"
                  />
                </g>
              </svg>
            </span>
            <span
              class="c8 c6"
              data-testid="svg-icon"
              title="Move Policy to trashcan"
            >
              <svg
                height="1em"
                title="Move Policy to trashcan"
                viewBox="0 0 67.733 67.733"
                width="1em"
                xmlns="http://www.w3.org/2000/svg"
              >
                <g
                  transform="translate(0 -229.27)"
                >
                  <g
                    transform="matrix(2.0878 0 0 2.2337 41.673 -337.41)"
                  >
                    <path
                      class="gui_icon_class"
                      d="m80 0v16 16h-80v16h256v-16h-80v-16-16h-96zm16 16h64v16h-64v-16zm-80 48 16.975 192.27h190.04l16.982-192.27h-16l-16 176h-160l-16-176h-16zm72 0v160h16v-160h-16zm64 0v160h16v-160h-16z"
                      transform="matrix(.12673 0 0 .11845 -19.96 253.7)"
                    />
                  </g>
                </g>
              </svg>
            </span>
            <span
              class="c8 c6"
              data-testid="svg-icon"
              title="Export Policy as XML"
            >
              <svg
                height="1em"
                title="Export Policy as XML"
                viewBox="0 0 67.733 67.733"
                width="1em"
                xmlns="http://www.w3.org/2000/svg"
              >
                <g
                  transform="translate(0 -229.27)"
                >
                  <path
                    class="gui_icon_class"
                    d="m182.84 0-22.627 22.627 34.912 34.912 0.00586 0.41797c-52.297 0.87749-90.488 16.002-114.25 45.082-24.491 29.975-32.506 71.388-32.887 120.84l32.002 0.25c0.35407-46.001 8.3412-79.632 25.666-100.84 16.754-20.505 43.317-32.56 89.543-33.332l-35.123 35.121 22.627 22.629 73.539-73.539-0.25-0.25 0.37891-0.37891-73.539-73.539zm-182.84 63.996v192h240v-48h-15.996v32.004h-208.01v-160h48.004v-16.004h-64z"
                    transform="matrix(.26458 0 0 .26458 0 229.27)"
                  />
                </g>
              </svg>
            </span>
          </div>
        </div>
      </div>
    </div>
  </div>
  <section
    class="entity-section"
  >
    <div
      class="c9 c10 section-header"
    >
      <h2
        class="c11 c12"
      >
        <div
          class="c13 c14"
        >
          <span
            class="c15"
            data-testid="svg-icon"
          >
            <svg
              height="1em"
              viewBox="0 0 67.733 67.733"
              width="1em"
              xmlns="http://www.w3.org/2000/svg"
            >
              <g
                transform="translate(0 -229.27)"
              >
                <path
                  class="gui_icon_class"
                  d="m64 16v16.004h-63.998l-0.0019531 224h112v-15.996h-96.004l0.001953-192h48.002v16h64v-16h48l-0.00391 80h16.004l0.00391-95.996h-64.004v-16.004h-64zm-16 64v16h96v-16h-96zm0 32v16h96v-16h-96zm166.6 24.027c-10.988-0.14114-21.793 4.0785-29.832 12.129-11.662 11.724-15.248 29.305-9.1367 44.785l-34.609 34.445c-6.4984 6.516-6.4645 17.114 0.07617 23.672 6.5406 6.5579 17.111 6.5921 23.609 0.07618l34.615-34.451c15.43 6.0835 32.93 2.4662 44.598-9.2188 11.637-11.7 15.235-29.234 9.1719-44.695l-26.844 26.916c-6.4984 6.5162-17.069 6.4818-23.609-0.07617-6.5406-6.558-6.5745-17.156-0.07617-23.672l26.893-26.965c-4.8278-1.9162-9.8608-2.8812-14.855-2.9453zm-166.6 7.9727v16h96v-16h-96zm0 32v16h96v-16h-96z"
                  transform="matrix(.26458 0 0 .26458 0 229.27)"
                />
              </g>
            </svg>
          </span>
        </div>
        <div
          class="c13 c16"
        >
          Policy: foo
        </div>
      </h2>
      <div
        class="c17"
      >
        <div
          class="c18"
        >
          <div
            class="c2 c19"
          >
            <div>
              ID:
            </div>
            <div>
              12345
            </div>
            <div>
              Created:
            </div>
            <div>
              Tue, Jul 16, 2019 8:31 AM CEST
            </div>
            <div>
              Modified:
            </div>
            <div>
              Tue, Jul 16, 2019 8:44 AM CEST
            </div>
            <div>
              Owner:
            </div>
            <span>
              admin
            </span>
          </div>
        </div>
      </div>
    </div>
    <div
      class="c20"
    >
      <div
        class="c21 c22"
      >
        <div
          class="c23"
        >
          <div
            class="c24"
          >
            Information
          </div>
          <div
            class="c25"
          >
            <div
              class="c26"
            >
              <span>
                Scanner Preferences
              </span>
              <span
                class="c27"
              >
                (
                <i>
                  1
                </i>
                )
              </span>
            </div>
          </div>
          <div
            class="c25"
          >
            <div
              class="c26"
            >
              <span>
                NVT Families
              </span>
              <span
                class="c27"
              >
                (
                <i>
                  3
                </i>
                )
              </span>
            </div>
          </div>
          <div
            class="c25"
          >
            <div
              class="c26"
            >
              <span>
                NVT Preferences
              </span>
              <span
                class="c27"
              >
                (
                <i>
                  3
                </i>
                )
              </span>
            </div>
          </div>
          <div
            class="c25"
          >
            <div
              class="c26"
            >
              <span>
                Permissions
              </span>
              <span
                class="c27"
              >
                (
                <i>
                  0
                </i>
                )
              </span>
            </div>
          </div>
        </div>
      </div>
      <div
        class="c28"
      >
        <div
          class="c20"
        >
          <table
            class="c29 c30"
          >
            <colgroup>
              <col
                class="c31"
                width="10%"
              />
              <col
                class="c32"
                width="90%"
              />
            </colgroup>
            <tbody
              class=""
            >
              <tr>
                <td>
                  <div
                    class="c28"
                  >
                    Comment
                  </div>
                </td>
                <td>
                  <div
                    class="c28"
                  >
                    bar
                  </div>
                </td>
              </tr>
              <tr>
                <td>
                  <div
                    class="c28"
                  >
                    Audits using this Policy
                  </div>
                </td>
                <td>
                  <div
                    class="c28"
                  >
                    <div
                      class="c2 c3"
                    >
                      <div
                        class="c33 c5"
                      >
                        <a
                          class="c7"
                          data-testid="details-link"
                          href="/audit/1234"
                        >
                          audit1
                        </a>
                        ,
                        <a
                          class="c7"
                          data-testid="details-link"
                          href="/audit/5678"
                        >
                          audit2
                        </a>
                      </div>
                    </div>
                  </div>
                </td>
              </tr>
            </tbody>
          </table>
        </div>
      </div>
    </div>
  </section>
</div>
`;

exports[`Policy ToolBarIcons tests > should render 1`] = `
.c0 {
  display: -webkit-box;
  display: -webkit-flex;
  display: -ms-flexbox;
  display: flex;
  -webkit-flex-direction: row;
  -ms-flex-direction: row;
  flex-direction: row;
  -webkit-box-pack: start;
  -ms-flex-pack: start;
  -webkit-justify-content: start;
  justify-content: start;
  -webkit-align-items: center;
  -webkit-box-align: center;
  -ms-flex-align: center;
  align-items: center;
}

.c5 {
  display: -webkit-inline-box;
  display: -webkit-inline-flex;
  display: -ms-inline-flexbox;
  display: inline-flex;
}

.c2 {
  margin-left: -10px;
}

.c2>* {
  display: -webkit-inline-box;
  display: -webkit-inline-flex;
  display: -ms-inline-flexbox;
  display: inline-flex;
}

.c2>* {
  margin-left: 10px;
}

.c3 {
  margin-left: -5px;
}

.c3>* {
  display: -webkit-inline-box;
  display: -webkit-inline-flex;
  display: -ms-inline-flexbox;
  display: inline-flex;
}

.c3>* {
  margin-left: 5px;
}

.c1 {
  display: -webkit-inline-box;
  display: -webkit-inline-flex;
  display: -ms-inline-flexbox;
  display: inline-flex;
}

.c6 {
  cursor: pointer;
}

.c4 {
  height: 16px;
  width: 16px;
  line-height: 16px;
}

.c4 * {
  height: inherit;
  width: inherit;
}

@media print {
  .c6 {
    display: none;
  }
}

<div
  class="c0 c1"
>
  <div
    class="c0 c2"
  >
    <div
      class="c0 c1"
    >
      <div
        class="c0 c3"
      >
        <a
          href="test/en/compliance-and-special-scans.html#configuring-and-managing-policies"
          rel="noopener noreferrer"
          target="_blank"
        >
          <span
            class="c4"
            data-testid="svg-icon"
            title="Help: Policies"
          >
            <svg
              height="1em"
              title="Help: Policies"
              viewBox="0 0 67.733 67.733"
              width="1em"
              xmlns="http://www.w3.org/2000/svg"
            >
              <g
                transform="translate(0 -229.27)"
              >
                <g
                  transform="matrix(2.0878 0 0 2.2337 41.673 -337.41)"
                >
                  <path
                    class="gui_icon_class"
                    d="m128 0.0078125c-70.26 0-128.01 57.023-128.01 127.98 0 70.961 57.75 128 128.01 128s127.99-57.041 127.99-128c0-70.961-57.734-127.98-127.99-127.98zm0 18.615c61.514 0 110.6 49.228 110.6 109.37 0 60.141-49.082 109.38-110.6 109.38-61.514 0-110.59-49.244-110.59-109.38 0-60.141 49.08-109.37 110.59-109.37zm0 32.318c-25.902 0-48.008 21.06-48.008 47.998h21.27c1e-5 -13.514 11.367-25.244 26.738-25.244s26.725 11.73 26.725 25.244-11.354 25.244-26.725 25.244v0.1211h-11.004v40.078h22v-18.746c20.858-4.9593 36.996-23.676 36.996-46.697 0-26.938-22.091-47.998-47.992-47.998zm-11.004 132.12v22h22v-22h-22z"
                    transform="matrix(.12673 0 0 .11845 -19.96 253.7)"
                  />
                </g>
              </g>
            </svg>
          </span>
        </a>
        <a
          class="c5"
          href="/policies"
        >
          <span
            class="c4"
            data-testid="svg-icon"
            title="Policies List"
          >
            <svg
              height="1em"
              title="Policies List"
              viewBox="0 0 67.733 67.733"
              width="1em"
              xmlns="http://www.w3.org/2000/svg"
            >
              <g
                transform="translate(0 -229.27)"
              >
                <path
                  class="gui_icon_class"
                  d="m0 0v16h16v-16h-16zm64 0v16h192v-16h-192zm-64 48v16h16v-16h-16zm64 0v16h192v-16h-192zm-64 48v16h16v-16h-16zm64 0v16h192v-16h-192zm-64 48v16h16v-16h-16zm64 0v16h192v-16h-192zm-64 48v16h16v-16h-16zm64 0v16h192v-16h-192zm0 47.91v16.09h192v-16.09h-192zm-64 0.08984v16h16v-16h-16z"
                  transform="matrix(.26458 0 0 .26458 0 229.27)"
                />
              </g>
            </svg>
          </span>
        </a>
      </div>
    </div>
    <div
      class="c0 c1"
    >
      <div
        class="c0 c3"
      >
        <span
          class="c6 c4"
          data-testid="svg-icon"
          title="Clone Policy"
        >
          <svg
            height="1em"
            title="Clone Policy"
            viewBox="0 0 67.733 67.733"
            width="1em"
            xmlns="http://www.w3.org/2000/svg"
          >
            <g
              transform="translate(0 -229.27)"
            >
              <g
                transform="matrix(2.0878 0 0 2.2337 41.673 -337.41)"
              >
                <path
                  class="gui_icon_class"
                  d="m141.4 30.168c-1.4823-0.007128-2.9616 0.058813-4.4277 0.19531-11.954 1.113-24.138 7.7033-30.455 19.439-3.1389-1.2367-6.4575-1.9437-9.7246-2.0273-6.9908-0.17898-14.065 1.7188-20.543 5.0117-6.4783 3.293-12.405 8.008-16.613 14.264-4.208 6.2557-6.5548 14.557-4.6406 22.984l1.2305 2.5137c-3.9083-2.1455-8.4203-3.0951-13.154-3.0645-22.218 0.1437-49.323 21.857-41.805 42.627 6.5566 18.113 33.687 25.742 51.877 17.924l-1.6309 8.3789c8.3106 16.995 22.298 28.418 36.08 32.994 2.2111 0.73419 4.4295 1.2763 6.6406 1.6367l2.3809 31.088h16.699l2.1504-36.199c0.59144-0.51742 1.168-1.059 1.7188-1.6367 1.0854 0.71505 1.6102 1.7819 2.8672 2.5215 4.895 2.8803 10.954 5.4562 17.707 6.5469 6.7531 1.0907 14.352 0.64667 21.453-3.1328 5.0524-2.689 9.2812-7.6487 12.932-13.637 4.2379 2.5642 8.7392 4.5584 13.369 5.8047l3.4434 39.473h16.699l0.50195-39.367c12.105-3.3622 22.875-12.778 27.693-26.949 5.323-3.9336 10.102-8.8803 13.656-15.482 4.1614-7.7308 7.1974-16.744 8.1367-25.971 0.93933-9.2265-0.24635-18.982-5.5938-27.008-4.2192-6.3321-11.496-10.234-20.082-12.367-1.078-15.688-10.766-29.391-23.041-36.885-7.1074-4.3388-15.248-6.7759-23.488-5.5566-5.0031 0.74038-9.6574 3.5063-13.885 7.2383-7.2505-7.7007-17.777-11.308-28.152-11.357zm-1.1484 16.566c9.6588-0.26618 18.616 4.1856 21.471 10.951l13.701 0.82422c3.0058-5.4246 6.1954-7.2504 10.127-7.832 3.9316-0.58167 8.9212 0.6187 13.715 3.5449 9.5874 5.8526 16.946 17.994 15.736 27.799l7.1055 9.332c8.8204 0.69901 12.888 3.6439 15.35 7.3379 2.4614 3.694 3.4632 9.1624 2.8047 15.631-0.65857 6.4685-3.0136 13.637-6.1641 19.49s-7.2404 10.282-9.9102 11.822l-3.7754 5.0293c-2.7665 10.458-10.248 16.202-19.559 18.17-9.3106 1.9676-19.852-0.694-26.354-7.0234l-12.346 2.9512c-2.8351 7.32-6.2459 10.738-9.832 12.646-3.5862 1.9086-7.7828 2.3215-12.252 1.5996-4.4692-0.7218-9.0518-2.617-12.561-4.6816-3.5088-2.0646-6.1567-5.1549-5.625-4.2715l-13.84 1.8476c-0.87687 2.7976-1.9448 3.7186-4.4707 4.5176-2.526 0.79948-6.6576 0.74492-11.389-0.82617-8.2912-2.7532-17.465-10.54-23.934-20.873 8.2134-9.2351 13.878-19.863 14.562-31.428 0.76866-12.994-4.0708-26.013-12.699-37.561-0.6001-3.1117-0.06326-5.8298 2.082-9.0195 2.2398-3.3298 6.1823-6.6767 10.695-8.9707 4.513-2.294 9.5525-3.514 13.531-3.4121 3.9788 0.10215 6.4642 1.3098 7.875 3.082l13.516-3.9238c1.7112-10.295 10.121-15.671 20.498-16.637 0.64856-0.060382 1.2955-0.099441 1.9395-0.11719zm-92.283 56.48a9.335 9.6514 0 0 1 4.1699 10.605 9.335 9.6514 0 0 1-8.5586 7.2617 9.335 9.6514 0 0 1-9.248-6.2969 9.335 9.6514 0 0 1 3.0762-10.998l10.561-0.57227z"
                  transform="matrix(.12673 0 0 .11845 -19.96 253.7)"
                />
              </g>
            </g>
          </svg>
        </span>
        <span
          class="c6 c4"
          data-testid="svg-icon"
          title="Edit Policy"
        >
          <svg
            height="1em"
            title="Edit Policy"
            viewBox="0 0 67.733 67.733"
            width="1em"
            xmlns="http://www.w3.org/2000/svg"
          >
            <g
              transform="translate(0 -229.27)"
            >
              <path
                class="gui_icon_class"
                d="m221.48-0.048828-137.1 137.1-16.971 50.912 50.912-16.971 137.1-137.1-33.941-33.943zm-221.48 16.049v240h192v-128h-16.006v112.01h-160v-208.01h144.01v-15.996h-160z"
                transform="matrix(.26458 0 0 .26458 0 229.27)"
              />
            </g>
          </svg>
        </span>
        <span
          class="c6 c4"
          data-testid="svg-icon"
          title="Move Policy to trashcan"
        >
          <svg
            height="1em"
            title="Move Policy to trashcan"
            viewBox="0 0 67.733 67.733"
            width="1em"
            xmlns="http://www.w3.org/2000/svg"
          >
            <g
              transform="translate(0 -229.27)"
            >
              <g
                transform="matrix(2.0878 0 0 2.2337 41.673 -337.41)"
              >
                <path
                  class="gui_icon_class"
                  d="m80 0v16 16h-80v16h256v-16h-80v-16-16h-96zm16 16h64v16h-64v-16zm-80 48 16.975 192.27h190.04l16.982-192.27h-16l-16 176h-160l-16-176h-16zm72 0v160h16v-160h-16zm64 0v160h16v-160h-16z"
                  transform="matrix(.12673 0 0 .11845 -19.96 253.7)"
                />
              </g>
            </g>
          </svg>
        </span>
        <span
          class="c6 c4"
          data-testid="svg-icon"
          title="Export Policy as XML"
        >
          <svg
            height="1em"
            title="Export Policy as XML"
            viewBox="0 0 67.733 67.733"
            width="1em"
            xmlns="http://www.w3.org/2000/svg"
          >
            <g
              transform="translate(0 -229.27)"
            >
              <path
                class="gui_icon_class"
                d="m182.84 0-22.627 22.627 34.912 34.912 0.00586 0.41797c-52.297 0.87749-90.488 16.002-114.25 45.082-24.491 29.975-32.506 71.388-32.887 120.84l32.002 0.25c0.35407-46.001 8.3412-79.632 25.666-100.84 16.754-20.505 43.317-32.56 89.543-33.332l-35.123 35.121 22.627 22.629 73.539-73.539-0.25-0.25 0.37891-0.37891-73.539-73.539zm-182.84 63.996v192h240v-48h-15.996v32.004h-208.01v-160h48.004v-16.004h-64z"
                transform="matrix(.26458 0 0 .26458 0 229.27)"
              />
            </g>
          </svg>
        </span>
      </div>
    </div>
  </div>
</div>
`;
