// Jest Snapshot v1, https://goo.gl/fbAQLP

exports[`Footer tests should render footer with copyright 1`] = `
.c1 {
  color: #787878;
}

.c0 {
  position: fixed;
  bottom: 0;
  right: 0;
  left: 0;
  padding: 2px;
  background-color: #fff;
  font-size: 10px;
  text-align: right;
  color: #787878;
  margin-top: 10px;
  padding-right: 5px;
  z-index: 500;
}

<footer
  class="c0"
>
  Greenbone Security Assistant (GSA) Copyright (C) 2009-2020 by Greenbone Networks GmbH,Â 
  <a
    class="c1"
    href="http://www.greenbone.net"
    rel="noopener noreferrer"
    target="_blank"
  >
    www.greenbone.net
  </a>
</footer>
`;
