// Jest Snapshot v1, https://goo.gl/fbAQLP

exports[`Main tests should render main 1`] = `
.c0 {
  padding: 5px 10px;
  height: 100%;
  padding-bottom: 20px;
}

.c1 {
  display: -webkit-box;
  display: -webkit-flex;
  display: -ms-flexbox;
  display: flex;
  -webkit-flex-direction: column;
  -ms-flex-direction: column;
  flex-direction: column;
  -webkit-box-pack: start;
  -webkit-justify-content: flex-start;
  -ms-flex-pack: start;
  justify-content: flex-start;
}

<main
  class="c0 c1"
/>
`;
