// Jest Snapshot v1, https://goo.gl/fbAQLP

exports[`Audit Detailspage tests should render full Detailspage 1`] = `
.c0 {
  display: -webkit-box;
  display: -webkit-flex;
  display: -ms-flexbox;
  display: flex;
  -webkit-flex-direction: column;
  -ms-flex-direction: column;
  flex-direction: column;
  -webkit-box-flex: 1;
  -webkit-flex-grow: 1;
  -ms-flex-positive: 1;
  flex-grow: 1;
  -webkit-box-pack: start;
  -webkit-justify-content: flex-start;
  -ms-flex-pack: start;
  justify-content: flex-start;
}

.c1 {
  display: -webkit-box;
  display: -webkit-flex;
  display: -ms-flexbox;
  display: flex;
  -webkit-flex-direction: row;
  -ms-flex-direction: row;
  flex-direction: row;
  -webkit-box-pack: justify;
  -webkit-justify-content: space-between;
  -ms-flex-pack: justify;
  justify-content: space-between;
  -webkit-align-items: flex-start;
  -webkit-box-align: flex-start;
  -ms-flex-align: flex-start;
  align-items: flex-start;
}

.c18 {
  display: -webkit-box;
  display: -webkit-flex;
  display: -ms-flexbox;
  display: flex;
  -webkit-flex-direction: row;
  -ms-flex-direction: row;
  flex-direction: row;
  -webkit-box-pack: justify;
  -webkit-justify-content: space-between;
  -ms-flex-pack: justify;
  justify-content: space-between;
  -webkit-align-items: center;
  -webkit-box-align: center;
  -ms-flex-align: center;
  align-items: center;
}

.c19 {
  display: -webkit-box;
  display: -webkit-flex;
  display: -ms-flexbox;
  display: flex;
  -webkit-flex-direction: row;
  -ms-flex-direction: row;
  flex-direction: row;
  -webkit-box-pack: start;
  -webkit-justify-content: flex-start;
  -ms-flex-pack: start;
  justify-content: flex-start;
}

.c21 {
  display: -webkit-box;
  display: -webkit-flex;
  display: -ms-flexbox;
  display: flex;
  -webkit-flex-direction: column;
  -ms-flex-direction: column;
  flex-direction: column;
  -webkit-box-flex: 1;
  -webkit-flex-grow: 1;
  -ms-flex-positive: 1;
  flex-grow: 1;
  -webkit-box-pack: center;
  -webkit-justify-content: center;
  -ms-flex-pack: center;
  justify-content: center;
  -webkit-align-items: stretch;
  -webkit-box-align: stretch;
  -ms-flex-align: stretch;
  align-items: stretch;
}

.c23 {
  display: -webkit-box;
  display: -webkit-flex;
  display: -ms-flexbox;
  display: flex;
  -webkit-flex-direction: row;
  -ms-flex-direction: row;
  flex-direction: row;
  -webkit-box-pack: start;
  -webkit-justify-content: flex-start;
  -ms-flex-pack: start;
  justify-content: flex-start;
  -webkit-align-items: stretch;
  -webkit-box-align: stretch;
  -ms-flex-align: stretch;
  align-items: stretch;
}

.c26 {
  display: -webkit-box;
  display: -webkit-flex;
  display: -ms-flexbox;
  display: flex;
  -webkit-flex-direction: column;
  -ms-flex-direction: column;
  flex-direction: column;
  -webkit-box-pack: center;
  -webkit-justify-content: center;
  -ms-flex-pack: center;
  justify-content: center;
  -webkit-align-items: center;
  -webkit-box-align: center;
  -ms-flex-align: center;
  align-items: center;
}

.c28 {
  display: -webkit-box;
  display: -webkit-flex;
  display: -ms-flexbox;
  display: flex;
  -webkit-flex-direction: column;
  -ms-flex-direction: column;
  flex-direction: column;
  -webkit-box-pack: center;
  -webkit-justify-content: center;
  -ms-flex-pack: center;
  justify-content: center;
  -webkit-align-items: stretch;
  -webkit-box-align: stretch;
  -ms-flex-align: stretch;
  align-items: stretch;
}

.c6 {
  display: -webkit-inline-box;
  display: -webkit-inline-flex;
  display: -ms-inline-flexbox;
  display: inline-flex;
}

.c3 {
  display: -webkit-box;
  display: -webkit-flex;
  display: -ms-flexbox;
  display: flex;
  -webkit-flex-direction: row;
  -ms-flex-direction: row;
  flex-direction: row;
  -webkit-box-pack: start;
  -webkit-justify-content: start;
  -ms-flex-pack: start;
  justify-content: start;
  -webkit-align-items: center;
  -webkit-box-align: center;
  -ms-flex-align: center;
  align-items: center;
  margin-left: -10px;
}

.c3 > * {
  display: -webkit-inline-box;
  display: -webkit-inline-flex;
  display: -ms-inline-flexbox;
  display: inline-flex;
}

.c3 > * {
  margin-left: 10px;
}

.c4 {
  display: -webkit-box;
  display: -webkit-flex;
  display: -ms-flexbox;
  display: flex;
  -webkit-flex-direction: row;
  -ms-flex-direction: row;
  flex-direction: row;
  -webkit-box-pack: start;
  -webkit-justify-content: flex-start;
  -ms-flex-pack: start;
  justify-content: flex-start;
  -webkit-align-items: flex-start;
  -webkit-box-align: flex-start;
  -ms-flex-align: flex-start;
  align-items: flex-start;
  margin-left: -5px;
}

.c4 > * {
  display: -webkit-inline-box;
  display: -webkit-inline-flex;
  display: -ms-inline-flexbox;
  display: inline-flex;
}

.c4 > * {
  margin-left: 5px;
}

.c7 {
  display: -webkit-box;
  display: -webkit-flex;
  display: -ms-flexbox;
  display: flex;
  -webkit-flex-direction: row;
  -ms-flex-direction: row;
  flex-direction: row;
  -webkit-box-pack: start;
  -webkit-justify-content: start;
  -ms-flex-pack: start;
  justify-content: start;
  -webkit-align-items: center;
  -webkit-box-align: center;
  -ms-flex-align: center;
  align-items: center;
  margin-left: -5px;
}

.c7 > * {
  display: -webkit-inline-box;
  display: -webkit-inline-flex;
  display: -ms-inline-flexbox;
  display: inline-flex;
}

.c7 > * {
  margin-left: 5px;
}

.c2 {
  display: -webkit-box;
  display: -webkit-flex;
  display: -ms-flexbox;
  display: flex;
  -webkit-flex-direction: row;
  -ms-flex-direction: row;
  flex-direction: row;
  -webkit-box-pack: start;
  -webkit-justify-content: start;
  -ms-flex-pack: start;
  justify-content: start;
  -webkit-align-items: center;
  -webkit-box-align: center;
  -ms-flex-align: center;
  align-items: center;
  display: -webkit-inline-box;
  display: -webkit-inline-flex;
  display: -ms-inline-flexbox;
  display: inline-flex;
}

.c8 {
  cursor: pointer;
}

.c9 svg path {
  fill: #aaaaaa;
}

.c5 {
  height: 16px;
  width: 16px;
  line-height: 16px;
}

.c5 * {
  height: inherit;
  width: inherit;
}

.c16 {
  height: 50px;
  width: 50px;
  line-height: 50px;
}

.c16 * {
  height: inherit;
  width: inherit;
}

.c12 {
  display: -webkit-box;
  display: -webkit-flex;
  display: -ms-flexbox;
  display: flex;
  -webkit-flex-direction: row;
  -ms-flex-direction: row;
  flex-direction: row;
  -webkit-box-pack: justify;
  -webkit-justify-content: space-between;
  -ms-flex-pack: justify;
  justify-content: space-between;
  -webkit-align-items: flex-end;
  -webkit-box-align: flex-end;
  -ms-flex-align: flex-end;
  align-items: flex-end;
  margin: 10px 0px;
  padding-bottom: 1px;
  border-bottom: 2px solid #c8d3d9;
  position: relative;
}

.c13 {
  margin: 0 0 1px 0;
}

.c14 {
  display: -webkit-box;
  display: -webkit-flex;
  display: -ms-flexbox;
  display: flex;
  -webkit-flex-direction: row;
  -ms-flex-direction: row;
  flex-direction: row;
  -webkit-box-pack: start;
  -webkit-justify-content: flex-start;
  -ms-flex-pack: start;
  justify-content: flex-start;
  -webkit-align-items: stretch;
  -webkit-box-align: stretch;
  -ms-flex-align: stretch;
  align-items: stretch;
}

.c15 {
  display: -webkit-box;
  display: -webkit-flex;
  display: -ms-flexbox;
  display: flex;
  -webkit-flex-direction: row;
  -ms-flex-direction: row;
  flex-direction: row;
  -webkit-box-pack: start;
  -webkit-justify-content: flex-start;
  -ms-flex-pack: start;
  justify-content: flex-start;
  -webkit-align-items: flex-end;
  -webkit-box-align: flex-end;
  -ms-flex-align: flex-end;
  align-items: flex-end;
  margin-right: 5px;
}

.c17 {
  display: -webkit-box;
  display: -webkit-flex;
  display: -ms-flexbox;
  display: flex;
  -webkit-flex-direction: row;
  -ms-flex-direction: row;
  flex-direction: row;
  -webkit-box-pack: start;
  -webkit-justify-content: flex-start;
  -ms-flex-pack: start;
  justify-content: flex-start;
  -webkit-align-items: flex-end;
  -webkit-box-align: flex-end;
  -ms-flex-align: flex-end;
  align-items: flex-end;
  word-break: break-all;
  min-width: 100px;
}

.c24 {
  font-size: 16px;
  display: -webkit-box;
  display: -webkit-flex;
  display: -ms-flexbox;
  display: flex;
  -webkit-align-items: start;
  -webkit-box-align: start;
  -ms-flex-align: start;
  align-items: start;
  -webkit-box-flex: 1;
  -webkit-flex-grow: 1;
  -ms-flex-positive: 1;
  flex-grow: 1;
  padding-left: 8px;
  padding-right: 8px;
  padding-bottom: 2px;
  padding-top: 2px;
  border-left: 1px solid #eeeeee;
  border-right: 1px solid #c8d3d9;
  cursor: pointer;
  background-color: #eeeeee;
  border-bottom: 1px solid #eeeeee;
  margin-bottom: -2px;
  border-top: 2px solid #87d050;
}

.c24:first-child {
  border-left: 1px solid #c8d3d9;
}

.c25 {
  font-size: 16px;
  display: -webkit-box;
  display: -webkit-flex;
  display: -ms-flexbox;
  display: flex;
  -webkit-align-items: start;
  -webkit-box-align: start;
  -ms-flex-align: start;
  align-items: start;
  -webkit-box-flex: 1;
  -webkit-flex-grow: 1;
  -ms-flex-positive: 1;
  flex-grow: 1;
  padding-left: 8px;
  padding-right: 8px;
  padding-bottom: 2px;
  padding-top: 2px;
  border-left: 1px solid #fff;
  border-right: 1px solid #c8d3d9;
  cursor: pointer;
  border-top: 2px solid #fff;
}

.c25:hover {
  border-top: 2px solid #c8d3d9;
}

.c25:first-child {
  border-left: 1px solid #fff;
}

.c22 {
  display: -webkit-box;
  display: -webkit-flex;
  display: -ms-flexbox;
  display: flex;
  -webkit-flex-direction: row;
  -ms-flex-direction: row;
  flex-direction: row;
  -webkit-box-flex: 1;
  -webkit-flex-grow: 1;
  -ms-flex-positive: 1;
  flex-grow: 1;
  -webkit-box-pack: start;
  -webkit-justify-content: flex-start;
  -ms-flex-pack: start;
  justify-content: flex-start;
  -webkit-align-items: flex-end;
  -webkit-box-align: flex-end;
  -ms-flex-align: flex-end;
  align-items: flex-end;
  border-bottom: 2px solid #66c430;
  margin-top: 30px;
  margin-bottom: 15px;
}

.c29 {
  border: 0;
  border-spacing: 0px;
  font-size: 12px;
  text-align: left;
  table-layout: auto;
}

.c39 {
  border: 0;
  border-spacing: 0px;
  font-size: 12px;
  text-align: left;
  table-layout: auto;
  width: 100%;
}

.c38 > *:not(:last-child)::after {
  content: '•';
  margin-left: 5px;
}

.c30 td {
  padding: 4px 4px 4px 0;
}

.c30 tr td:first-child {
  padding-right: 5px;
}

.c20 {
  display: -webkit-box;
  display: -webkit-flex;
  display: -ms-flexbox;
  display: flex;
  -webkit-flex-direction: row;
  -ms-flex-direction: row;
  flex-direction: row;
  -webkit-box-pack: start;
  -webkit-justify-content: start;
  -ms-flex-pack: start;
  justify-content: start;
  -webkit-align-items: center;
  -webkit-box-align: center;
  -ms-flex-align: center;
  align-items: center;
  border-spacing: 0px;
  color: #787878;
  font-size: 10px;
}

.c20 :nth-child(even) {
  margin-left: 3px;
}

.c20 :nth-child(odd) {
  margin-left: 30px;
}

.c31 {
  width: 10%;
}

.c32 {
  width: 90%;
}

.c27 {
  font-size: 0.7em;
}

.c34 {
  height: 13px;
  box-sizing: content-box;
  display: inline-block;
  width: 100px;
  background: #393637;
  vertical-align: middle;
  text-align: center;
}

.c36 {
  z-index: 1;
  font-weight: bold;
  color: #fff;
  font-size: 9px;
  margin: 0;
  position: relative;
  top: -13px;
  padding-top: 1px;
}

.c35 {
  height: 13px;
  width: 100%;
  background: #4f91c7;
}

.c37 {
  white-space: nowrap;
}

.c33:hover {
  -webkit-text-decoration: none;
  text-decoration: none;
}

.c10 {
  position: relative;
  display: -webkit-inline-box;
  display: -webkit-inline-flex;
  display: -ms-inline-flexbox;
  display: inline-flex;
  margin-right: 0px;
}

.c11 {
  display: -webkit-box;
  display: -webkit-flex;
  display: -ms-flexbox;
  display: flex;
  -webkit-flex-direction: row;
  -ms-flex-direction: row;
  flex-direction: row;
  -webkit-flex-wrap: wrap;
  -ms-flex-wrap: wrap;
  flex-wrap: wrap;
  -webkit-box-pack: center;
  -webkit-justify-content: center;
  -ms-flex-pack: center;
  justify-content: center;
  -webkit-align-content: center;
  -ms-flex-line-pack: center;
  align-content: center;
  -webkit-align-items: center;
  -webkit-box-align: center;
  -ms-flex-align: center;
  align-items: center;
  position: absolute;
  font-size: 10px;
  background-color: red;
  font-weight: bold;
  border-radius: 10px;
  min-width: 10px;
  padding: 3px 5px;
  z-index: 1;
  background-color: #66c430;
  color: #fff;
  bottom: -8px;
  right: 0px;
}

@media print {
  .c8 {
    display: none;
  }
}

@media print {
  .c29 {
    border-collapse: collapse;
  }
}

@media print {
  .c39 {
    border-collapse: collapse;
  }
}

@media print {
  .c34 {
    background: none;
    border: 0;
  }
}

@media print {
  .c36 {
    color: black;
  }
}

@media print {
  .c35 {
    background: none;
  }
}

<div
  class="c0"
>
  <div
    class="c1 toolbar"
  >
    <div
      class="c2"
    >
      <div
        class="c3"
        margin="10px"
      >
        <div
          class="c2"
        >
          <div
            class="c4"
            margin="5px"
          >
            <a
              href="test/en/compliance-and-special-scans.html#configuring-and-managing-audits"
              rel="noopener noreferrer"
              target="_blank"
            >
              <span
                class="c5"
                data-testid="svg-icon"
                title="Help: Audits"
              >
                <svg
                  title="Help: Audits"
                >
                  help.svg
                </svg>
              </span>
            </a>
            <a
              class="c6"
              href="/audits"
            >
              <span
                class="c5"
                data-testid="svg-icon"
                title="Audit List"
              >
                <svg
                  title="Audit List"
                >
                  list.svg
                </svg>
              </span>
            </a>
            <span
              class="c5"
              data-testid="svg-icon"
              title="This is an Alterable Audit. Reports may not relate to current Policy or Target!"
            >
              <svg
                title="This is an Alterable Audit. Reports may not relate to current Policy or Target!"
              >
                alterable.svg
              </svg>
            </span>
          </div>
        </div>
        <div
          class="c2"
        >
          <div
            class="c7"
            margin="5px"
          >
            <span
              class="c8 c5"
              data-testid="svg-icon"
              title="Clone Audit"
            >
              <svg
                title="Clone Audit"
              >
                clone.svg
              </svg>
            </span>
            <span
              class="c8 c5"
              data-testid="svg-icon"
              title="Edit Audit"
            >
              <svg
                title="Edit Audit"
              >
                edit.svg
              </svg>
            </span>
            <span
              class="c8 c5"
              data-testid="svg-icon"
              title="Move Audit to trashcan"
            >
              <svg
                title="Move Audit to trashcan"
              >
                trashcan.svg
              </svg>
            </span>
            <span
              class="c8 c5"
              data-testid="svg-icon"
              title="Export Audit as XML"
            >
              <svg
                title="Export Audit as XML"
              >
                export.svg
              </svg>
            </span>
          </div>
        </div>
        <div
          class="c2"
        >
          <div
            class="c7"
            margin="5px"
          >
            <span
              class="c8 c5"
              data-testid="svg-icon"
              title="Start"
            >
              <svg
                title="Start"
              >
                start.svg
              </svg>
            </span>
            <span
              alt="Resume"
              class="c9 c5"
              data-testid="svg-icon"
              title="Audit is not stopped"
            >
              <svg
                title="Audit is not stopped"
              >
                resume.svg
              </svg>
            </span>
          </div>
        </div>
        <div
          class="c2"
        >
          <div
            class="c3"
            margin="10px"
          >
            <div
              class="c2"
            >
              <div
                class="c7"
                margin="5px"
              >
                <a
                  class="c6"
                  data-testid="details-link"
                  href="/report/1234"
                  title="Last Report for Audit foo from 07/30/2019"
                >
                  <span
                    class="c5"
                    data-testid="svg-icon"
                  >
                    <svg>
                      report.svg
                    </svg>
                  </span>
                </a>
                <a
                  class="c6"
                  href="/reports?filter=task_id%3D12345"
                  title="Total Reports for Audit foo"
                >
                  <div
                    class="c10"
                  >
                    <span
                      class="c5"
                      data-testid="svg-icon"
                    >
                      <svg>
                        report.svg
                      </svg>
                    </span>
                    <span
                      class="c11"
                      data-testid="badge-icon"
                    >
                      1
                    </span>
                  </div>
                </a>
              </div>
            </div>
            <a
              class="c6"
              href="/results?filter=task_id%3D12345"
              title="Results for Audit foo"
            >
              <div
                class="c10"
              >
                <span
                  class="c5"
                  data-testid="svg-icon"
                >
                  <svg>
                    result.svg
                  </svg>
                </span>
                <span
                  class="c11"
                  data-testid="badge-icon"
                >
                  1
                </span>
              </div>
            </a>
          </div>
        </div>
      </div>
    </div>
  </div>
  <section
    class="entity-section"
  >
    <div
      class="c12 section-header"
    >
      <h2
        class="c13 c14"
      >
        <div
          class="c15"
        >
          <span
            class="c16"
            data-testid="svg-icon"
          >
            <svg>
              audit.svg
            </svg>
          </span>
        </div>
        <div
          class="c17"
        >
          Audit: foo
        </div>
      </h2>
      <div
        class="c18"
      >
        <div
          class="c19"
        >
          <div
            class="c20"
          >
            <div>
              ID:
            </div>
            <div>
              12345
            </div>
            <div>
              Created:
            </div>
            <div>
              Tue, Jul 16, 2019 8:31 AM CEST
            </div>
            <div>
              Modified:
            </div>
            <div>
              Tue, Jul 16, 2019 8:44 AM CEST
            </div>
            <div>
              Owner:
            </div>
            <span>
              admin
            </span>
          </div>
        </div>
      </div>
    </div>
    <div
      class="c21"
    >
      <div
        class="c22"
      >
        <div
          class="c23"
        >
          <div
            class="c24"
          >
            Information
          </div>
          <div
            class="c25"
          >
            <div
              class="c26"
            >
              <span>
                Permissions
              </span>
              <span
                class="c27"
              >
                (
                <i>
                  0
                </i>
                )
              </span>
            </div>
          </div>
        </div>
      </div>
      <div
        class="c28"
      >
        <table
          class="c29 c30"
        >
          <colgroup>
            <col
              class="c31"
              width="10%"
            />
            <col
              class="c32"
              width="90%"
            />
          </colgroup>
          <tbody
            class=""
          >
            <tr>
              <td>
                <div
                  class="c28"
                >
                  Name
                </div>
              </td>
              <td>
                <div
                  class="c28"
                >
                  foo
                </div>
              </td>
            </tr>
            <tr>
              <td>
                <div
                  class="c28"
                >
                  Comment
                </div>
              </td>
              <td>
                <div
                  class="c28"
                >
                  bar
                </div>
              </td>
            </tr>
            <tr>
              <td>
                <div
                  class="c28"
                >
                  Alterable
                </div>
              </td>
              <td>
                <div
                  class="c28"
                >
                  Yes
                </div>
              </td>
            </tr>
            <tr>
              <td>
                <div
                  class="c28"
                >
                  Status
                </div>
              </td>
              <td>
                <div
                  class="c28"
                >
                  <a
                    class="c6 c33"
                    data-testid="details-link"
                    href="/report/1234"
                  >
                    <div
                      class="c34"
                      data-testid="progressbar-box"
                      title="Done"
                    >
                      <div
                        class="c35"
                        data-testid="progress"
                      />
                      <div
                        class="c36"
                      >
                        <span
                          class="c37"
                        >
                          Done
                        </span>
                      </div>
                    </div>
                  </a>
                </div>
              </td>
            </tr>
          </tbody>
        </table>
        <div
          class="c21"
        >
          <div
            class="c28"
          >
            <h2>
              Target
            </h2>
            <div>
              <a
                class="c6"
                data-testid="details-link"
                href="/target/5678"
              >
                target1
              </a>
            </div>
          </div>
          <div
            class="c28"
          >
            <h2>
              Alerts
            </h2>
            <div>
              <div
                class="c2"
              >
                <div
                  class="c7 c38"
                  margin="5px"
                >
                  <span>
                    <a
                      class="c6"
                      data-testid="details-link"
                      href="/alert/91011"
                    >
                      alert1
                    </a>
                  </span>
                </div>
              </div>
            </div>
          </div>
          <div
            class="c28"
          >
            <h2>
              Scanner
            </h2>
            <div>
              <table
                class="c39 c30"
              >
                <colgroup>
                  <col
                    class="c31"
                    width="10%"
                  />
                  <col
                    class="c32"
                    width="90%"
                  />
                </colgroup>
                <tbody
                  class=""
                >
                  <tr>
                    <td>
                      <div
                        class="c28"
                      >
                        Name
                      </div>
                    </td>
                    <td>
                      <div
                        class="c28"
                      >
                        <span>
                          <a
                            class="c6"
                            data-testid="details-link"
                            href="/scanner/1516"
                          >
                            scanner1
                          </a>
                        </span>
                      </div>
                    </td>
                  </tr>
                  <tr>
                    <td>
                      <div
                        class="c28"
                      >
                        Type
                      </div>
                    </td>
                    <td>
                      <div
                        class="c28"
                      >
                        OpenVAS Scanner
                      </div>
                    </td>
                  </tr>
                </tbody>
              </table>
            </div>
          </div>
          <div
            class="c28"
          >
            <h2>
              Assets
            </h2>
            <div>
              <table
                class="c39 c30"
              >
                <colgroup>
                  <col
                    class="c31"
                    width="10%"
                  />
                  <col
                    class="c32"
                    width="90%"
                  />
                </colgroup>
                <tbody
                  class=""
                >
                  <tr>
                    <td>
                      <div
                        class="c28"
                      >
                        Add to Assets
                      </div>
                    </td>
                    <td>
                      <div
                        class="c28"
                      >
                        Yes
                      </div>
                    </td>
                  </tr>
                </tbody>
              </table>
            </div>
          </div>
          <div
            class="c28"
          >
            <h2>
              Scan
            </h2>
            <div>
              <table
                class="c39 c30"
              >
                <colgroup>
                  <col
                    class="c31"
                    width="10%"
                  />
                  <col
                    class="c32"
                    width="90%"
                  />
                </colgroup>
                <tbody
                  class=""
                >
                  <tr>
                    <td>
                      <div
                        class="c28"
                      >
                        Duration of last Scan
                      </div>
                    </td>
                    <td>
                      <div
                        class="c28"
                      >
                        2 minutes
                      </div>
                    </td>
                  </tr>
                  <tr>
                    <td>
                      <div
                        class="c28"
                      >
                        Auto delete Reports
                      </div>
                    </td>
                    <td>
                      <div
                        class="c28"
                      >
                        Do not automatically delete reports
                      </div>
                    </td>
                  </tr>
                </tbody>
              </table>
            </div>
          </div>
        </div>
      </div>
    </div>
  </section>
</div>
`;

exports[`Audit ToolBarIcons tests should render 1`] = `
.c4 {
  display: -webkit-inline-box;
  display: -webkit-inline-flex;
  display: -ms-inline-flexbox;
  display: inline-flex;
}

.c1 {
  display: -webkit-box;
  display: -webkit-flex;
  display: -ms-flexbox;
  display: flex;
  -webkit-flex-direction: row;
  -ms-flex-direction: row;
  flex-direction: row;
  -webkit-box-pack: start;
  -webkit-justify-content: start;
  -ms-flex-pack: start;
  justify-content: start;
  -webkit-align-items: center;
  -webkit-box-align: center;
  -ms-flex-align: center;
  align-items: center;
  margin-left: -10px;
}

.c1 > * {
  display: -webkit-inline-box;
  display: -webkit-inline-flex;
  display: -ms-inline-flexbox;
  display: inline-flex;
}

.c1 > * {
  margin-left: 10px;
}

.c2 {
  display: -webkit-box;
  display: -webkit-flex;
  display: -ms-flexbox;
  display: flex;
  -webkit-flex-direction: row;
  -ms-flex-direction: row;
  flex-direction: row;
  -webkit-box-pack: start;
  -webkit-justify-content: flex-start;
  -ms-flex-pack: start;
  justify-content: flex-start;
  -webkit-align-items: flex-start;
  -webkit-box-align: flex-start;
  -ms-flex-align: flex-start;
  align-items: flex-start;
  margin-left: -5px;
}

.c2 > * {
  display: -webkit-inline-box;
  display: -webkit-inline-flex;
  display: -ms-inline-flexbox;
  display: inline-flex;
}

.c2 > * {
  margin-left: 5px;
}

.c5 {
  display: -webkit-box;
  display: -webkit-flex;
  display: -ms-flexbox;
  display: flex;
  -webkit-flex-direction: row;
  -ms-flex-direction: row;
  flex-direction: row;
  -webkit-box-pack: start;
  -webkit-justify-content: start;
  -ms-flex-pack: start;
  justify-content: start;
  -webkit-align-items: center;
  -webkit-box-align: center;
  -ms-flex-align: center;
  align-items: center;
  margin-left: -5px;
}

.c5 > * {
  display: -webkit-inline-box;
  display: -webkit-inline-flex;
  display: -ms-inline-flexbox;
  display: inline-flex;
}

.c5 > * {
  margin-left: 5px;
}

.c0 {
  display: -webkit-box;
  display: -webkit-flex;
  display: -ms-flexbox;
  display: flex;
  -webkit-flex-direction: row;
  -ms-flex-direction: row;
  flex-direction: row;
  -webkit-box-pack: start;
  -webkit-justify-content: start;
  -ms-flex-pack: start;
  justify-content: start;
  -webkit-align-items: center;
  -webkit-box-align: center;
  -ms-flex-align: center;
  align-items: center;
  display: -webkit-inline-box;
  display: -webkit-inline-flex;
  display: -ms-inline-flexbox;
  display: inline-flex;
}

.c6 {
  cursor: pointer;
}

.c7 svg path {
  fill: #aaaaaa;
}

.c3 {
  height: 16px;
  width: 16px;
  line-height: 16px;
}

.c3 * {
  height: inherit;
  width: inherit;
}

.c8 {
  position: relative;
  display: -webkit-inline-box;
  display: -webkit-inline-flex;
  display: -ms-inline-flexbox;
  display: inline-flex;
  margin-right: 0px;
}

.c9 {
  display: -webkit-box;
  display: -webkit-flex;
  display: -ms-flexbox;
  display: flex;
  -webkit-flex-direction: row;
  -ms-flex-direction: row;
  flex-direction: row;
  -webkit-flex-wrap: wrap;
  -ms-flex-wrap: wrap;
  flex-wrap: wrap;
  -webkit-box-pack: center;
  -webkit-justify-content: center;
  -ms-flex-pack: center;
  justify-content: center;
  -webkit-align-content: center;
  -ms-flex-line-pack: center;
  align-content: center;
  -webkit-align-items: center;
  -webkit-box-align: center;
  -ms-flex-align: center;
  align-items: center;
  position: absolute;
  font-size: 10px;
  background-color: red;
  font-weight: bold;
  border-radius: 10px;
  min-width: 10px;
  padding: 3px 5px;
  z-index: 1;
  background-color: #66c430;
  color: #fff;
  bottom: -8px;
  right: 0px;
}

@media print {
  .c6 {
    display: none;
  }
}

<div
  class="c0"
>
  <div
    class="c1"
    margin="10px"
  >
    <div
      class="c0"
    >
      <div
        class="c2"
        margin="5px"
      >
        <a
          href="test/en/compliance-and-special-scans.html#configuring-and-managing-audits"
          rel="noopener noreferrer"
          target="_blank"
        >
          <span
            class="c3"
            data-testid="svg-icon"
            title="Help: Audits"
          >
            <svg
              title="Help: Audits"
            >
              help.svg
            </svg>
          </span>
        </a>
        <a
          class="c4"
          href="/audits"
        >
          <span
            class="c3"
            data-testid="svg-icon"
            title="Audit List"
          >
            <svg
              title="Audit List"
            >
              list.svg
            </svg>
          </span>
        </a>
        <span
          class="c3"
          data-testid="svg-icon"
          title="This is an Alterable Audit. Reports may not relate to current Policy or Target!"
        >
          <svg
            title="This is an Alterable Audit. Reports may not relate to current Policy or Target!"
          >
            alterable.svg
          </svg>
        </span>
      </div>
    </div>
    <div
      class="c0"
    >
      <div
        class="c5"
        margin="5px"
      >
        <span
          class="c6 c3"
          data-testid="svg-icon"
          title="Clone Audit"
        >
          <svg
            title="Clone Audit"
          >
            clone.svg
          </svg>
        </span>
        <span
          class="c6 c3"
          data-testid="svg-icon"
          title="Edit Audit"
        >
          <svg
            title="Edit Audit"
          >
            edit.svg
          </svg>
        </span>
        <span
          class="c6 c3"
          data-testid="svg-icon"
          title="Move Audit to trashcan"
        >
          <svg
            title="Move Audit to trashcan"
          >
            trashcan.svg
          </svg>
        </span>
        <span
          class="c6 c3"
          data-testid="svg-icon"
          title="Export Audit as XML"
        >
          <svg
            title="Export Audit as XML"
          >
            export.svg
          </svg>
        </span>
      </div>
    </div>
    <div
      class="c0"
    >
      <div
        class="c5"
        margin="5px"
      >
        <span
          class="c6 c3"
          data-testid="svg-icon"
          title="Start"
        >
          <svg
            title="Start"
          >
            start.svg
          </svg>
        </span>
        <span
          alt="Resume"
          class="c7 c3"
          data-testid="svg-icon"
          title="Audit is not stopped"
        >
          <svg
            title="Audit is not stopped"
          >
            resume.svg
          </svg>
        </span>
      </div>
    </div>
    <div
      class="c0"
    >
      <div
        class="c1"
        margin="10px"
      >
        <div
          class="c0"
        >
          <div
            class="c5"
            margin="5px"
          >
            <a
              class="c4"
              data-testid="details-link"
              href="/report/1234"
              title="Last Report for Audit foo from 07/30/2019"
            >
              <span
                class="c3"
                data-testid="svg-icon"
              >
                <svg>
                  report.svg
                </svg>
              </span>
            </a>
            <a
              class="c4"
              href="/reports?filter=task_id%3D12345"
              title="Total Reports for Audit foo"
            >
              <div
                class="c8"
              >
                <span
                  class="c3"
                  data-testid="svg-icon"
                >
                  <svg>
                    report.svg
                  </svg>
                </span>
                <span
                  class="c9"
                  data-testid="badge-icon"
                >
                  1
                </span>
              </div>
            </a>
          </div>
        </div>
        <a
          class="c4"
          href="/results?filter=task_id%3D12345"
          title="Results for Audit foo"
        >
          <div
            class="c8"
          >
            <span
              class="c3"
              data-testid="svg-icon"
            >
              <svg>
                result.svg
              </svg>
            </span>
            <span
              class="c9"
              data-testid="badge-icon"
            >
              1
            </span>
          </div>
        </a>
      </div>
    </div>
  </div>
</div>
`;
