// Vitest Snapshot v1, https://vitest.dev/guide/snapshot.html

exports[`Task Trend tests > should render 1`] = `
.c0 {
  width: 16px;
  height: 16px;
  line-height: 16px;
}

.c0 * {
  height: inherit;
  width: inherit;
}

<span
  alt="Severity increased"
  class="c0"
  data-testid="svg-icon"
  title="Severity increased"
>
  <svg
    height="1em"
    title="Severity increased"
    viewBox="0 0 67.733 67.733"
    width="1em"
    xmlns="http://www.w3.org/2000/svg"
  >
    <g
      transform="translate(0 -229.27)"
    >
      <g
        transform="matrix(2.0878 0 0 2.2337 41.673 -337.41)"
      >
        <path
          class="gui_icon_class"
          d="m-16.862 283.13 7.3086-16.227 5.62 2.1758 4.6557-10.506-4.6989-1.8192 7.9479-3.0771 3.2921 7.4288-4.6678-1.8072-5.4317 12.257-5.62-2.1758-6.557 14.603z"
          fill-rule="evenodd"
        />
      </g>
    </g>
  </svg>
</span>
`;
