// Jest Snapshot v1, https://goo.gl/fbAQLP

exports[`Audit Actions tests should render 1`] = `
.c0 {
  display: -webkit-box;
  display: -webkit-flex;
  display: -ms-flexbox;
  display: flex;
  -webkit-flex-direction: column;
  -ms-flex-direction: column;
  flex-direction: column;
  -webkit-box-flex: 1;
  -webkit-flex-grow: 1;
  -ms-flex-positive: 1;
  flex-grow: 1;
  -webkit-box-pack: center;
  -ms-flex-pack: center;
  -webkit-justify-content: center;
  justify-content: center;
  -webkit-align-items: stretch;
  -webkit-box-align: stretch;
  -ms-flex-align: stretch;
  align-items: stretch;
}

.c1 {
  display: -webkit-box;
  display: -webkit-flex;
  display: -ms-flexbox;
  display: flex;
  -webkit-flex-direction: row;
  -ms-flex-direction: row;
  flex-direction: row;
  -webkit-box-flex: 1;
  -webkit-flex-grow: 1;
  -ms-flex-positive: 1;
  flex-grow: 1;
  -webkit-box-pack: start;
  -ms-flex-pack: start;
  -webkit-justify-content: start;
  justify-content: start;
  -webkit-align-items: center;
  -webkit-box-align: center;
  -ms-flex-align: center;
  align-items: center;
}

.c3 {
  display: -webkit-box;
  display: -webkit-flex;
  display: -ms-flexbox;
  display: flex;
  -webkit-flex-direction: row;
  -ms-flex-direction: row;
  flex-direction: row;
  -webkit-box-flex: 1;
  -webkit-flex-grow: 1;
  -ms-flex-positive: 1;
  flex-grow: 1;
  -webkit-box-pack: center;
  -ms-flex-pack: center;
  -webkit-justify-content: center;
  justify-content: center;
  -webkit-align-items: center;
  -webkit-box-align: center;
  -ms-flex-align: center;
  align-items: center;
}

.c4 {
  margin-left: -5px;
}

.c4>* {
  display: -webkit-inline-box;
  display: -webkit-inline-flex;
  display: -ms-inline-flexbox;
  display: inline-flex;
}

.c4>* {
  margin-left: 5px;
}

.c2 {
  display: -webkit-inline-box;
  display: -webkit-inline-flex;
  display: -ms-inline-flexbox;
  display: inline-flex;
}

.c6 {
  cursor: pointer;
}

.c8 svg path {
  fill: #bfbfbf;
}

.c7 {
  height: 16px;
  width: 16px;
  line-height: 16px;
}

.c7 * {
  height: inherit;
  width: inherit;
}

@media print {
  .c5 {
    display: none;
  }
}

<body>
  <div
    id="portals"
  />
  <div>
    <td>
      <div
        class="c0"
      >
        <div
          class="c1 c2"
        >
          <div
            class="c3 c4"
          >
            <span
              class="c5 c6 c7"
              data-testid="svg-icon"
              title="Start"
            >
              <svg
                title="Start"
              >
                start.svg
              </svg>
            </span>
            <span
              alt="Resume"
              class="c5 c8 c7"
              data-testid="svg-icon"
              title="Audit is not stopped"
            >
              <svg
                title="Audit is not stopped"
              >
                resume.svg
              </svg>
            </span>
            <span
              class="c5 c6 c7"
              data-testid="svg-icon"
              title="Move Audit to trashcan"
            >
              <svg
                title="Move Audit to trashcan"
              >
                trashcan.svg
              </svg>
            </span>
            <span
              class="c5 c6 c7"
              data-testid="svg-icon"
              title="Edit Audit"
            >
              <svg
                title="Edit Audit"
              >
                edit.svg
              </svg>
            </span>
            <span
              class="c5 c6 c7"
              data-testid="svg-icon"
              title="Clone Audit"
            >
              <svg
                title="Clone Audit"
              >
                clone.svg
              </svg>
            </span>
            <span
              class="c5 c6 c7"
              data-testid="svg-icon"
              title="Export Audit"
            >
              <svg
                title="Export Audit"
              >
                export.svg
              </svg>
            </span>
            <span
              class="c5 c6 c7"
              data-testid="svg-icon"
              title="Download Greenbone Compliance Report"
            >
              <svg
                title="Download Greenbone Compliance Report"
              >
                download.svg
              </svg>
            </span>
          </div>
        </div>
      </div>
    </td>
  </div>
</body>
`;
