// Vitest Snapshot v1, https://vitest.dev/guide/snapshot.html

exports[`SolutionTypesFilterGroup tests > should render 1`] = `
.c2 {
  display: -webkit-box;
  display: -webkit-flex;
  display: -ms-flexbox;
  display: flex;
  -webkit-flex-direction: row;
  -ms-flex-direction: row;
  flex-direction: row;
  -webkit-box-pack: start;
  -ms-flex-pack: start;
  -webkit-justify-content: start;
  justify-content: start;
  -webkit-align-items: center;
  -webkit-box-align: center;
  -ms-flex-align: center;
  align-items: center;
}

.c6 {
  display: -webkit-box;
  display: -webkit-flex;
  display: -ms-flexbox;
  display: flex;
  -webkit-flex-direction: column;
  -ms-flex-direction: column;
  flex-direction: column;
  -webkit-box-pack: center;
  -ms-flex-pack: center;
  -webkit-justify-content: center;
  justify-content: center;
  -webkit-align-items: stretch;
  -webkit-box-align: stretch;
  -ms-flex-align: stretch;
  align-items: stretch;
}

.c9 {
  margin-left: -5px;
}

.c9>* {
  display: -webkit-inline-box;
  display: -webkit-inline-flex;
  display: -ms-inline-flexbox;
  display: inline-flex;
}

.c9>* {
  margin-left: 5px;
}

.c8 {
  display: -webkit-inline-box;
  display: -webkit-inline-flex;
  display: -ms-inline-flexbox;
  display: inline-flex;
}

.c12 {
  width: 16px;
  height: 16px;
  line-height: 16px;
}

.c12 * {
  height: inherit;
  width: inherit;
}

.c0 {
  display: -webkit-box;
  display: -webkit-flex;
  display: -ms-flexbox;
  display: flex;
  -webkit-align-items: center;
  -webkit-box-align: center;
  -ms-flex-align: center;
  align-items: center;
  -webkit-box-pack: start;
  -ms-flex-pack: start;
  -webkit-justify-content: start;
  justify-content: start;
  padding-bottom: 10px;
}

.c1 {
  display: inline-block;
  max-width: 100%;
  font-weight: bold;
  text-align: right;
  padding-left: 10px;
  padding-right: 10px;
  width: 16.66666667%;
  margin-left: 0;
}

.c3 {
  width: 83.33333333%;
  padding-left: 10px;
  padding-right: 10px;
}

.c5 {
  border: 0;
  border-spacing: 0px;
  font-size: 12px;
  text-align: left;
  table-layout: auto;
  width: 100%;
}

.c7 {
  display: -webkit-inline-box;
  display: -webkit-inline-flex;
  display: -ms-inline-flexbox;
  display: inline-flex;
  -webkit-flex-direction: row;
  -ms-flex-direction: row;
  flex-direction: row;
  -webkit-align-items: center;
  -webkit-box-align: center;
  -ms-flex-align: center;
  align-items: center;
  font-weight: normal;
  cursor: pointer;
}

.c10 {
  font-family: inherit;
  font-size: inherit;
  padding: 0;
  margin: 0;
  margin-left: 10px;
  line-height: normal;
  width: auto;
  height: auto;
}

.c11 {
  display: -webkit-box;
  display: -webkit-flex;
  display: -ms-flexbox;
  display: flex;
  -webkit-flex-direction: row;
  -ms-flex-direction: row;
  flex-direction: row;
  -webkit-box-pack: start;
  -ms-flex-pack: start;
  -webkit-justify-content: flex-start;
  justify-content: flex-start;
  -webkit-align-items: center;
  -webkit-box-align: center;
  -ms-flex-align: center;
  align-items: center;
}

.c4 {
  -webkit-box-flex: 0;
  -webkit-flex-grow: 0;
  -ms-flex-positive: 0;
  flex-grow: 0;
}

@media print {
  .c5 {
    border-collapse: collapse;
  }
}

<div
  class="c0"
>
  <label
    class="c1"
    data-testid="formgroup-title"
  >
    Solution Type
  </label>
  <div
    class="c2 c3"
    data-testid="formgroup-content"
  >
    <div
      class="c2 c4"
    >
      <table
        class="c5"
      >
        <tbody
          class=""
        >
          <tr>
            <td>
              <div
                class="c6"
              >
                <label
                  class="c7"
                >
                  <div
                    class="c2 c8"
                  >
                    <div
                      class="c2 c9"
                    >
                      <input
                        checked=""
                        class="c10 c11"
                        data-testid="radio-input"
                        name="All"
                        type="radio"
                      />
                      <span>
                        All
                      </span>
                    </div>
                  </div>
                </label>
              </div>
            </td>
            <td>
              <div
                class="c6"
              >
                <label
                  class="c7"
                >
                  <div
                    class="c2 c8"
                  >
                    <div
                      class="c2 c9"
                    >
                      <input
                        class="c10 c11"
                        data-testid="radio-input"
                        name="Workaround"
                        type="radio"
                      />
                      <span
                        alt="Workaround"
                        class="c12"
                        data-testid="svg-icon"
                        title="Workaround"
                      >
                        <svg
                          height="1em"
                          title="Workaround"
                          viewBox="0 0 67.733 67.733"
                          width="1em"
                          xmlns="http://www.w3.org/2000/svg"
                        >
                          <g
                            transform="translate(0 -229.27)"
                          >
                            <g
                              transform="matrix(2.0878 0 0 2.2337 41.673 -337.41)"
                            >
                              <g
                                transform="matrix(-.75436 .61359 -.70233 -.75436 180.53 473.1)"
                              >
                                <g
                                  transform="matrix(.99864 -.048767 .055821 .99864 -15.012 .18372)"
                                >
                                  <path
                                    class="gui_icon_class"
                                    d="m127.39-0.0039062 1.2012 18.031c50.15 4.8e-5 93.293 33.404 105.88 81.697 11.934 45.806-7.0134 94.285-46.586 120.16l-27.889-27.889v64h64l-22.705-22.705c8.3517-5.7897 15.869-12.473 22.463-19.867 27.722-31.088 39.16-74.745 28.113-117.15-14.73-56.538-66.275-96.283-124.47-96.283zm-95.395 0.0039062 22.92 22.92c-43.629 30.326-64.408 85.094-50.793 137.36 14.68 56.349 65.654 95.726 123.87 95.727v-18.029c-50.136 3e-5 -93.834-33.776-106.46-82.258-11.995-46.043 6.9513-94.149 46.369-119.82l28.104 28.104v-64h-64zm119.56 64.852c-10.531-0.10103-20.9 3.9676-28.629 11.688-11.213 11.243-14.706 28.058-8.8965 42.836l-44.461 44.461c-6.2482 6.2485-6.2484 16.379 0 22.627 6.2485 6.2483 16.381 6.2485 22.629 0l44.465-44.467c14.77 5.7674 31.555 2.2559 42.773-8.9492 11.189-11.22 14.691-27.99 8.9277-42.75l-25.811 25.811c-6.2482 6.2486-16.378 6.2483-22.627 0-6.2485-6.2483-6.2502-16.378-0.00195-22.627l25.859-25.857c-4.6212-1.8167-9.4417-2.7256-14.229-2.7715z"
                                    transform="matrix(-.091129 -.082316 .088068 -.085177 -3.9488 288.54)"
                                  />
                                </g>
                              </g>
                            </g>
                          </g>
                        </svg>
                      </span>
                      <span>
                        Workaround
                      </span>
                    </div>
                  </div>
                </label>
              </div>
            </td>
            <td>
              <div
                class="c6"
              >
                <label
                  class="c7"
                >
                  <div
                    class="c2 c8"
                  >
                    <div
                      class="c2 c9"
                    >
                      <input
                        class="c10 c11"
                        data-testid="radio-input"
                        name="Mitigation"
                        type="radio"
                      />
                      <span
                        alt="Mitigation"
                        class="c12"
                        data-testid="svg-icon"
                        title="Mitigation"
                      >
                        <svg
                          height="1em"
                          title="Mitigation"
                          viewBox="0 0 67.733 67.733"
                          width="1em"
                          xmlns="http://www.w3.org/2000/svg"
                        >
                          <g
                            transform="translate(0 -229.27)"
                          >
                            <g
                              transform="matrix(2.0878 0 0 2.2337 41.673 -337.41)"
                            >
                              <path
                                class="gui_icon_class"
                                d="m96 32-48 48 48 48v-39.928c53.333 0.7429 106.67 9.0706 160 31.928v-16c-53.333-22.857-106.67-31.185-160-31.928v-40.072zm64 96v39.928c-53.333-0.7429-106.67-9.0706-160-31.928v16c53.333 22.857 106.67 31.185 160 31.928v40.072l48-48-48-48z"
                                transform="matrix(.12673 0 0 .11845 -19.96 253.7)"
                              />
                            </g>
                          </g>
                        </svg>
                      </span>
                      <span>
                        Mitigation
                      </span>
                    </div>
                  </div>
                </label>
              </div>
            </td>
          </tr>
          <tr>
            <td>
              <div
                class="c6"
              >
                <label
                  class="c7"
                >
                  <div
                    class="c2 c8"
                  >
                    <div
                      class="c2 c9"
                    >
                      <input
                        class="c10 c11"
                        data-testid="radio-input"
                        name="VendorFix"
                        type="radio"
                      />
                      <span
                        alt="Vendorfix"
                        class="c12"
                        data-testid="svg-icon"
                        title="Vendorfix"
                      >
                        <svg
                          height="1em"
                          title="Vendorfix"
                          viewBox="0 0 67.733 67.733"
                          width="1em"
                          xmlns="http://www.w3.org/2000/svg"
                        >
                          <g
                            transform="translate(0 -229.27)"
                          >
                            <g
                              transform="matrix(2.0878 0 0 2.2337 41.673 -337.41)"
                            >
                              <path
                                class="gui_icon_class"
                                d="m128 0-64 32 64 32 64-32-64-32zm-64 48v48l64 32 64-32v-48l-64 32-64-32zm48 96v32h-32l48 48 48-48h-32v-32h-32zm-111.73 31.975-0.30859 80.02h256.07l-0.29297-80.02-16.174 0.06641 0.23242 63.795h-222.85l0.23047-63.795-16.908-0.06641z"
                                transform="matrix(.12673 0 0 .11845 -19.96 253.7)"
                              />
                            </g>
                          </g>
                        </svg>
                      </span>
                      <span>
                        Vendor fix
                      </span>
                    </div>
                  </div>
                </label>
              </div>
            </td>
            <td>
              <div
                class="c6"
              >
                <label
                  class="c7"
                >
                  <div
                    class="c2 c8"
                  >
                    <div
                      class="c2 c9"
                    >
                      <input
                        class="c10 c11"
                        data-testid="radio-input"
                        name="NoneAvailable"
                        type="radio"
                      />
                      <span
                        alt="None available"
                        class="c12"
                        data-testid="svg-icon"
                        title="None available"
                      >
                        <svg
                          height="1em"
                          title="None available"
                          viewBox="0 0 67.733 67.733"
                          width="1em"
                          xmlns="http://www.w3.org/2000/svg"
                        >
                          <g
                            transform="translate(0 -229.27)"
                          >
                            <g
                              transform="matrix(2.0878 0 0 2.2337 41.673 -337.41)"
                            >
                              <path
                                class="gui_icon_class"
                                d="m128 0.0078125c-70.26 0-128.01 57.023-128.01 127.98 0 70.961 57.75 128 128.01 128s127.99-57.041 127.99-128c0-70.961-57.734-127.98-127.99-127.98zm0 18.615c61.514 0 110.6 49.228 110.6 109.37 0 27.143-9.9997 52.064-26.625 71.242l-155.07-155.07c19.165-15.921 43.917-25.539 71.102-25.539zm-83.98 38.148 155.07 155.07c-19.164 15.919-43.913 25.535-71.092 25.535-61.514 0-110.59-49.244-110.59-109.38 0-27.136 9.995-52.048 26.613-71.221z"
                                transform="matrix(.12673 0 0 .11845 -19.96 253.7)"
                              />
                            </g>
                          </g>
                        </svg>
                      </span>
                      <span>
                        None available
                      </span>
                    </div>
                  </div>
                </label>
              </div>
            </td>
            <td>
              <div
                class="c6"
              >
                <label
                  class="c7"
                >
                  <div
                    class="c2 c8"
                  >
                    <div
                      class="c2 c9"
                    >
                      <input
                        class="c10 c11"
                        data-testid="radio-input"
                        name="WillNotFix"
                        type="radio"
                      />
                      <span
                        alt="Will not fix"
                        class="c12"
                        data-testid="svg-icon"
                        title="Will not fix"
                      >
                        <svg
                          height="1em"
                          title="Will not fix"
                          viewBox="0 0 67.733 67.733"
                          width="1em"
                          xmlns="http://www.w3.org/2000/svg"
                        >
                          <g
                            transform="translate(0 -229.27)"
                          >
                            <g
                              transform="matrix(2.0878 0 0 2.2337 41.673 -337.41)"
                            >
                              <path
                                class="gui_icon_class"
                                d="m72.037 0.0097656c-0.70034-0.017504-1.4141-0.012234-2.1387 0.015625l-0.001954 0.029297c-7.8513 0.29126-16.658 3.0838-21.355 9.0312-6.8338 15.37 9.7662 8.273 11.719 18.914 1.9525 10.641-9.7656 11.229-9.7656 11.229h-50.494l0.066406 52.857s0.55607 12.372 10.637 10.311c11.214-4.7785 5.7405-18.296 17.92-12.371 16.258 9.2233 11.388 43.336-0.38672 49.918-14.561 7.2138-7.8375-10.31-17.918-12.371-7.3444-1.5001-9.6146 4.6224-10.316 8.0762v56.113l50.672 0.24023s11.718-1.2575 9.7656-11.896c-1.9521-10.641-18.537-3.5465-11.703-18.916 5.4392-12.377 40.234-12.453 47.295 0.39844 6.8338 15.37-9.7662 8.2729-11.719 18.914-1.9525 10.641 9.7656 11.229 9.7656 11.229l50.203 0.01758v-55.67c0.71573-3.4619 2.9974-9.5183 10.299-8.0254 10.08 2.0611 3.3572 19.585 17.918 12.371 4.7562-4.1856 7.3727-11.456 8.248-18.607 0-0.12495 0.04883-0.20767 0.04883-0.33008 0.49899-2.5142 0.75125-5.3937 0.64453-8.4531-0.29074-8.2879-2.9195-17.584-8.5547-22.543-14.561-7.2138-7.8375 10.31-17.918 12.371-10.08 2.0614-10.639-10.311-10.639-10.311l-0.04687-53.352h-52.771c-3.3089-0.80623-8.7629-3.2667-7.377-10.82 1.9525-10.641 18.537-3.5446 11.703-18.914-3.9653-5.0202-10.837-7.7832-17.611-8.707-0.10668-0.016884-0.22097-0.050781-0.32031-0.050781-1.787-0.39573-3.7662-0.64475-5.8672-0.69727zm103.96 159.99-16 16 32 32-32 32 16 16 32-32 32 32 16-16-32-32 32-32-16-16-32 32-32-32z"
                                transform="matrix(.12673 0 0 .11845 -19.96 253.7)"
                              />
                            </g>
                          </g>
                        </svg>
                      </span>
                      <span>
                        Will not fix
                      </span>
                    </div>
                  </div>
                </label>
                 
              </div>
            </td>
          </tr>
        </tbody>
      </table>
    </div>
  </div>
</div>
`;
