// Vitest Snapshot v1, https://vitest.dev/guide/snapshot.html

exports[`Qod tests > should render Qod value 1`] = `
.c0 {
  white-space: nowrap;
}

<span
  class="c0"
  data-testid="qod"
>
  42
   %
</span>
`;

exports[`Qod tests > should render Qod value 2`] = `
.c0 {
  white-space: nowrap;
}

<span
  class="c0"
  data-testid="qod"
>
  42
   %
</span>
`;
