// Jest Snapshot v1, https://goo.gl/fbAQLP

exports[`DetailsTable tests should render 1`] = `
.c4 {
  display: -webkit-box;
  display: -webkit-flex;
  display: -ms-flexbox;
  display: flex;
  -webkit-flex-direction: column;
  -ms-flex-direction: column;
  flex-direction: column;
  -webkit-box-pack: center;
  -webkit-justify-content: center;
  -ms-flex-pack: center;
  justify-content: center;
  -webkit-align-items: stretch;
  -webkit-box-align: stretch;
  -ms-flex-align: stretch;
  align-items: stretch;
}

.c0 {
  border: 0;
  border-spacing: 0px;
  font-size: 12px;
  text-align: left;
  table-layout: auto;
  width: 100%;
}

.c1 td {
  padding: 4px 4px 4px 0;
}

.c1 tr td:first-child {
  padding-right: 5px;
}

.c2 {
  width: 10%;
}

.c3 {
  width: 90%;
}

@media print {
  .c0 {
    border-collapse: collapse;
  }
}

<table
  class="c0 c1"
>
  <colgroup>
    <col
      class="c2"
      width="10%"
    />
    <col
      class="c3"
      width="90%"
    />
  </colgroup>
  <tbody
    class=""
  >
    <tr>
      <td>
        <div
          class="c4"
        >
          foo
        </div>
      </td>
      <td>
        <div
          class="c4"
        >
          bar
        </div>
      </td>
    </tr>
  </tbody>
</table>
`;
