// Vitest Snapshot v1, https://vitest.dev/guide/snapshot.html

exports[`NumberField tests > should render 1`] = `
<input
  value="1"
/>
`;
