// Vitest Snapshot v1, https://vitest.dev/guide/snapshot.html

exports[`ToggleButton tests > should render 1`] = `
.c0 {
  border-radius: 2px;
  padding: 5px;
  -webkit-user-select: none;
  -moz-user-select: none;
  -ms-user-select: none;
  user-select: none;
  background-color: #e5e5e5;
  color: #4C4C4C;
  cursor: pointer;
  width: 32px;
}

<div
  class="c0"
/>
`;
