// Jest Snapshot v1, https://goo.gl/fbAQLP

exports[`Scan Config Detailspage tests should render full Detailspage 1`] = `
.c0 {
  display: -webkit-box;
  display: -webkit-flex;
  display: -ms-flexbox;
  display: flex;
  -webkit-flex-direction: column;
  -ms-flex-direction: column;
  flex-direction: column;
  -webkit-box-flex: 1;
  -webkit-flex-grow: 1;
  -ms-flex-positive: 1;
  flex-grow: 1;
  -webkit-box-pack: start;
  -ms-flex-pack: start;
  -webkit-justify-content: flex-start;
  justify-content: flex-start;
}

.c1 {
  display: -webkit-box;
  display: -webkit-flex;
  display: -ms-flexbox;
  display: flex;
  -webkit-flex-direction: row;
  -ms-flex-direction: row;
  flex-direction: row;
  -webkit-box-pack: justify;
  -webkit-justify-content: space-between;
  justify-content: space-between;
  -webkit-align-items: flex-start;
  -webkit-box-align: flex-start;
  -ms-flex-align: flex-start;
  align-items: flex-start;
}

.c2 {
  display: -webkit-box;
  display: -webkit-flex;
  display: -ms-flexbox;
  display: flex;
  -webkit-flex-direction: row;
  -ms-flex-direction: row;
  flex-direction: row;
  -webkit-box-pack: start;
  -ms-flex-pack: start;
  -webkit-justify-content: start;
  justify-content: start;
  -webkit-align-items: center;
  -webkit-box-align: center;
  -ms-flex-align: center;
  align-items: center;
}

.c10 {
  display: -webkit-box;
  display: -webkit-flex;
  display: -ms-flexbox;
  display: flex;
  -webkit-flex-direction: row;
  -ms-flex-direction: row;
  flex-direction: row;
  -webkit-box-pack: justify;
  -webkit-justify-content: space-between;
  justify-content: space-between;
  -webkit-align-items: flex-end;
  -webkit-box-align: flex-end;
  -ms-flex-align: flex-end;
  align-items: flex-end;
}

.c14 {
  display: -webkit-box;
  display: -webkit-flex;
  display: -ms-flexbox;
  display: flex;
  -webkit-flex-direction: row;
  -ms-flex-direction: row;
  flex-direction: row;
  -webkit-box-pack: start;
  -ms-flex-pack: start;
  -webkit-justify-content: flex-start;
  justify-content: flex-start;
  -webkit-align-items: flex-end;
  -webkit-box-align: flex-end;
  -ms-flex-align: flex-end;
  align-items: flex-end;
}

.c18 {
  display: -webkit-box;
  display: -webkit-flex;
  display: -ms-flexbox;
  display: flex;
  -webkit-flex-direction: row;
  -ms-flex-direction: row;
  flex-direction: row;
  -webkit-box-pack: justify;
  -webkit-justify-content: space-between;
  justify-content: space-between;
  -webkit-align-items: center;
  -webkit-box-align: center;
  -ms-flex-align: center;
  align-items: center;
}

.c19 {
  display: -webkit-box;
  display: -webkit-flex;
  display: -ms-flexbox;
  display: flex;
  -webkit-flex-direction: row;
  -ms-flex-direction: row;
  flex-direction: row;
  -webkit-box-pack: start;
  -ms-flex-pack: start;
  -webkit-justify-content: flex-start;
  justify-content: flex-start;
}

.c21 {
  display: -webkit-box;
  display: -webkit-flex;
  display: -ms-flexbox;
  display: flex;
  -webkit-flex-direction: column;
  -ms-flex-direction: column;
  flex-direction: column;
  -webkit-box-flex: 1;
  -webkit-flex-grow: 1;
  -ms-flex-positive: 1;
  flex-grow: 1;
  -webkit-box-pack: center;
  -ms-flex-pack: center;
  -webkit-justify-content: center;
  justify-content: center;
  -webkit-align-items: stretch;
  -webkit-box-align: stretch;
  -ms-flex-align: stretch;
  align-items: stretch;
}

.c22 {
  display: -webkit-box;
  display: -webkit-flex;
  display: -ms-flexbox;
  display: flex;
  -webkit-flex-direction: row;
  -ms-flex-direction: row;
  flex-direction: row;
  -webkit-box-flex: 1;
  -webkit-flex-grow: 1;
  -ms-flex-positive: 1;
  flex-grow: 1;
  -webkit-box-pack: start;
  -ms-flex-pack: start;
  -webkit-justify-content: flex-start;
  justify-content: flex-start;
  -webkit-align-items: flex-end;
  -webkit-box-align: flex-end;
  -ms-flex-align: flex-end;
  align-items: flex-end;
}

.c24 {
  display: -webkit-box;
  display: -webkit-flex;
  display: -ms-flexbox;
  display: flex;
  -webkit-flex-direction: row;
  -ms-flex-direction: row;
  flex-direction: row;
  -webkit-box-pack: start;
  -ms-flex-pack: start;
  -webkit-justify-content: flex-start;
  justify-content: flex-start;
  -webkit-align-items: stretch;
  -webkit-box-align: stretch;
  -ms-flex-align: stretch;
  align-items: stretch;
}

.c27 {
  display: -webkit-box;
  display: -webkit-flex;
  display: -ms-flexbox;
  display: flex;
  -webkit-flex-direction: column;
  -ms-flex-direction: column;
  flex-direction: column;
  -webkit-box-pack: center;
  -ms-flex-pack: center;
  -webkit-justify-content: center;
  justify-content: center;
  -webkit-align-items: center;
  -webkit-box-align: center;
  -ms-flex-align: center;
  align-items: center;
}

.c29 {
  display: -webkit-box;
  display: -webkit-flex;
  display: -ms-flexbox;
  display: flex;
  -webkit-flex-direction: column;
  -ms-flex-direction: column;
  flex-direction: column;
  -webkit-box-pack: center;
  -ms-flex-pack: center;
  -webkit-justify-content: center;
  justify-content: center;
  -webkit-align-items: stretch;
  -webkit-box-align: stretch;
  -ms-flex-align: stretch;
  align-items: stretch;
}

.c34 {
  display: -webkit-box;
  display: -webkit-flex;
  display: -ms-flexbox;
  display: flex;
  -webkit-flex-direction: row;
  -ms-flex-direction: row;
  flex-direction: row;
  -webkit-box-flex-wrap: wrap;
  -webkit-flex-wrap: wrap;
  -ms-flex-wrap: wrap;
  flex-wrap: wrap;
  -webkit-box-pack: start;
  -ms-flex-pack: start;
  -webkit-justify-content: start;
  justify-content: start;
  -webkit-align-items: center;
  -webkit-box-align: center;
  -ms-flex-align: center;
  align-items: center;
}

.c8 {
  display: -webkit-inline-box;
  display: -webkit-inline-flex;
  display: -ms-inline-flexbox;
  display: inline-flex;
}

.c4 {
  margin-left: -10px;
}

.c4>* {
  display: -webkit-inline-box;
  display: -webkit-inline-flex;
  display: -ms-inline-flexbox;
  display: inline-flex;
}

.c4>* {
  margin-left: 10px;
}

.c5 {
  margin-left: -5px;
}

.c5>* {
  display: -webkit-inline-box;
  display: -webkit-inline-flex;
  display: -ms-inline-flexbox;
  display: inline-flex;
}

.c5>* {
  margin-left: 5px;
}

.c3 {
  display: -webkit-inline-box;
  display: -webkit-inline-flex;
  display: -ms-inline-flexbox;
  display: inline-flex;
}

.c9 {
  cursor: pointer;
}

.c7 {
  height: 16px;
  width: 16px;
  line-height: 16px;
}

.c7 * {
  height: inherit;
  width: inherit;
}

.c16 {
  height: 50px;
  width: 50px;
  line-height: 50px;
}

.c16 * {
  height: inherit;
  width: inherit;
}

.c11 {
  margin: 10px 0px;
  padding-bottom: 1px;
  border-bottom: 2px solid #e5e5e5;
  position: relative;
}

.c12 {
  margin: 0 0 1px 0;
}

.c13 {
  display: -webkit-box;
  display: -webkit-flex;
  display: -ms-flexbox;
  display: flex;
  -webkit-flex-direction: row;
  -ms-flex-direction: row;
  flex-direction: row;
  -webkit-box-pack: start;
  -ms-flex-pack: start;
  -webkit-justify-content: flex-start;
  justify-content: flex-start;
  -webkit-align-items: stretch;
  -webkit-box-align: stretch;
  -ms-flex-align: stretch;
  align-items: stretch;
}

.c15 {
  margin-right: 5px;
}

.c17 {
  word-break: break-all;
  min-width: 100px;
}

.c25 {
  font-size: 16px;
  display: -webkit-box;
  display: -webkit-flex;
  display: -ms-flexbox;
  display: flex;
  -webkit-align-items: start;
  -webkit-box-align: start;
  -ms-flex-align: start;
  align-items: start;
  -webkit-box-flex: 1;
  -webkit-flex-grow: 1;
  -ms-flex-positive: 1;
  flex-grow: 1;
  padding-left: 8px;
  padding-right: 8px;
  padding-bottom: 2px;
  padding-top: 2px;
  border-left: 1px solid #f3f3f3;
  border-right: 1px solid #e5e5e5;
  cursor: pointer;
  background-color: #f3f3f3;
  border-bottom: 1px solid #f3f3f3;
  margin-bottom: -2px;
  border-top: 2px solid #11ab51;
}

.c25 :hover {
  border-top: 2px solid #fff;
}

.c25 :first-child {
  border-left: 1px solid #e5e5e5;
}

.c26 {
  font-size: 16px;
  display: -webkit-box;
  display: -webkit-flex;
  display: -ms-flexbox;
  display: flex;
  -webkit-align-items: start;
  -webkit-box-align: start;
  -ms-flex-align: start;
  align-items: start;
  -webkit-box-flex: 1;
  -webkit-flex-grow: 1;
  -ms-flex-positive: 1;
  flex-grow: 1;
  padding-left: 8px;
  padding-right: 8px;
  padding-bottom: 2px;
  padding-top: 2px;
  border-left: 1px solid #fff;
  border-right: 1px solid #e5e5e5;
  cursor: pointer;
  border-top: 2px solid #fff;
}

.c26 :hover {
  border-top: 2px solid #e5e5e5;
}

.c26 :first-child {
  border-left: 1px solid #fff;
}

.c23 {
  border-bottom: 2px solid #11ab51;
  margin-top: 30px;
  margin-bottom: 15px;
}

.c30 {
  border: 0;
  border-spacing: 0px;
  font-size: 12px;
  text-align: left;
  table-layout: auto;
}

.c31 td {
  padding: 4px 4px 4px 0;
}

.c31 tr td:first-child {
  padding-right: 5px;
}

.c20 {
  border-spacing: 0px;
  color: #7F7F7F;
  font-size: 10px;
}

.c20 :nth-child(even) {
  margin-left: 3px;
}

.c20 :nth-child(odd) {
  margin-left: 30px;
}

.c32 {
  width: 10%;
}

.c33 {
  width: 90%;
}

.c28 {
  font-size: 0.7em;
}

@media print {
  .c6 {
    display: none;
  }
}

@media print {
  .c30 {
    border-collapse: collapse;
  }
}

<div
  class="c0"
>
  <div
    class="c1 toolbar"
  >
    <div
      class="c2 c3"
    >
      <div
        class="c2 c4"
      >
        <div
          class="c2 c3"
        >
          <div
            class="c2 c5"
          >
            <a
              href="test/en/scanning.html#managing-scan-configurations"
              rel="noopener noreferrer"
              target="_blank"
            >
              <span
                class="c6 c7"
                data-testid="svg-icon"
                title="Help: ScanConfigs"
              >
                <svg
                  title="Help: ScanConfigs"
                >
                  help.svg
                </svg>
              </span>
            </a>
            <a
              class="c8"
              href="/scanconfigs"
            >
              <span
                class="c6 c7"
                data-testid="svg-icon"
                title="ScanConfig List"
              >
                <svg
                  title="ScanConfig List"
                >
                  list.svg
                </svg>
              </span>
            </a>
          </div>
        </div>
        <div
          class="c2 c3"
        >
          <div
            class="c2 c5"
          >
            <span
              class="c6 c9 c7"
              data-testid="svg-icon"
              title="Create new Scan Config"
            >
              <svg
                title="Create new Scan Config"
              >
                new.svg
              </svg>
            </span>
            <span
              class="c6 c9 c7"
              data-testid="svg-icon"
              title="Clone Scan Config"
            >
              <svg
                title="Clone Scan Config"
              >
                clone.svg
              </svg>
            </span>
            <span
              class="c6 c9 c7"
              data-testid="svg-icon"
              title="Edit Scan Config"
            >
              <svg
                title="Edit Scan Config"
              >
                edit.svg
              </svg>
            </span>
            <span
              class="c6 c9 c7"
              data-testid="svg-icon"
              title="Move Scan Config to trashcan"
            >
              <svg
                title="Move Scan Config to trashcan"
              >
                trashcan.svg
              </svg>
            </span>
            <span
              class="c6 c9 c7"
              data-testid="svg-icon"
              title="Export Scan Config as XML"
            >
              <svg
                title="Export Scan Config as XML"
              >
                export.svg
              </svg>
            </span>
            <span
              class="c6 c9 c7"
              data-testid="svg-icon"
              title="Import Scan Config"
            >
              <svg
                title="Import Scan Config"
              >
                upload.svg
              </svg>
            </span>
          </div>
        </div>
      </div>
    </div>
  </div>
  <section
    class="entity-section"
  >
    <div
      class="c10 c11 section-header"
    >
      <h2
        class="c12 c13"
      >
        <div
          class="c14 c15"
        >
          <span
            class="c6 c16"
            data-testid="svg-icon"
          >
            <svg>
              config.svg
            </svg>
          </span>
        </div>
        <div
          class="c14 c17"
        >
          Scan Config: foo
        </div>
      </h2>
      <div
        class="c18"
      >
        <div
          class="c19"
        >
          <div
            class="c2 c20"
          >
            <div>
              ID:
            </div>
            <div>
              12345
            </div>
            <div>
              Created:
            </div>
            <div>
              Tue, Jul 16, 2019 8:31 AM CEST
            </div>
            <div>
              Modified:
            </div>
            <div>
              Tue, Jul 16, 2019 8:44 AM CEST
            </div>
            <div>
              Owner:
            </div>
            <span>
              admin
            </span>
          </div>
        </div>
      </div>
    </div>
    <div
      class="c21"
    >
      <div
        class="c22 c23"
      >
        <div
          class="c24"
        >
          <div
            class="c25"
          >
            Information
          </div>
          <div
            class="c26"
          >
            <div
              class="c27"
            >
              <span>
                Scanner Preferences
              </span>
              <span
                class="c28"
              >
                (
                <i>
                  1
                </i>
                )
              </span>
            </div>
          </div>
          <div
            class="c26"
          >
            <div
              class="c27"
            >
              <span>
                NVT Families
              </span>
              <span
                class="c28"
              >
                (
                <i>
                  3
                </i>
                )
              </span>
            </div>
          </div>
          <div
            class="c26"
          >
            <div
              class="c27"
            >
              <span>
                NVT Preferences
              </span>
              <span
                class="c28"
              >
                (
                <i>
                  3
                </i>
                )
              </span>
            </div>
          </div>
          <div
            class="c26"
          >
            <div
              class="c27"
            >
              <span>
                User Tags
              </span>
              <span
                class="c28"
              >
                (
                <i>
                  0
                </i>
                )
              </span>
            </div>
          </div>
          <div
            class="c26"
          >
            <div
              class="c27"
            >
              <span>
                Permissions
              </span>
              <span
                class="c28"
              >
                (
                <i>
                  0
                </i>
                )
              </span>
            </div>
          </div>
        </div>
      </div>
      <div
        class="c29"
      >
        <div
          class="c21"
        >
          <table
            class="c30 c31"
          >
            <colgroup>
              <col
                class="c32"
                width="10%"
              />
              <col
                class="c33"
                width="90%"
              />
            </colgroup>
            <tbody
              class=""
            >
              <tr>
                <td>
                  <div
                    class="c29"
                  >
                    Comment
                  </div>
                </td>
                <td>
                  <div
                    class="c29"
                  >
                    bar
                  </div>
                </td>
              </tr>
              <tr>
                <td>
                  <div
                    class="c29"
                  >
                    Tasks using this Scan Config
                  </div>
                </td>
                <td>
                  <div
                    class="c29"
                  >
                    <div
                      class="c2 c3"
                    >
                      <div
                        class="c34 c5"
                      >
                        <a
                          class="c8"
                          data-testid="details-link"
                          href="/task/1234"
                        >
                          task1
                        </a>
                        ,
                        <a
                          class="c8"
                          data-testid="details-link"
                          href="/task/5678"
                        >
                          task2
                        </a>
                      </div>
                    </div>
                  </div>
                </td>
              </tr>
            </tbody>
          </table>
        </div>
      </div>
    </div>
  </section>
</div>
`;

exports[`Scan Config ToolBarIcons tests should render 1`] = `
.c0 {
  display: -webkit-box;
  display: -webkit-flex;
  display: -ms-flexbox;
  display: flex;
  -webkit-flex-direction: row;
  -ms-flex-direction: row;
  flex-direction: row;
  -webkit-box-pack: start;
  -ms-flex-pack: start;
  -webkit-justify-content: start;
  justify-content: start;
  -webkit-align-items: center;
  -webkit-box-align: center;
  -ms-flex-align: center;
  align-items: center;
}

.c6 {
  display: -webkit-inline-box;
  display: -webkit-inline-flex;
  display: -ms-inline-flexbox;
  display: inline-flex;
}

.c2 {
  margin-left: -10px;
}

.c2>* {
  display: -webkit-inline-box;
  display: -webkit-inline-flex;
  display: -ms-inline-flexbox;
  display: inline-flex;
}

.c2>* {
  margin-left: 10px;
}

.c3 {
  margin-left: -5px;
}

.c3>* {
  display: -webkit-inline-box;
  display: -webkit-inline-flex;
  display: -ms-inline-flexbox;
  display: inline-flex;
}

.c3>* {
  margin-left: 5px;
}

.c1 {
  display: -webkit-inline-box;
  display: -webkit-inline-flex;
  display: -ms-inline-flexbox;
  display: inline-flex;
}

.c7 {
  cursor: pointer;
}

.c5 {
  height: 16px;
  width: 16px;
  line-height: 16px;
}

.c5 * {
  height: inherit;
  width: inherit;
}

@media print {
  .c4 {
    display: none;
  }
}

<div
  class="c0 c1"
>
  <div
    class="c0 c2"
  >
    <div
      class="c0 c1"
    >
      <div
        class="c0 c3"
      >
        <a
          href="test/en/scanning.html#managing-scan-configurations"
          rel="noopener noreferrer"
          target="_blank"
        >
          <span
            class="c4 c5"
            data-testid="svg-icon"
            title="Help: ScanConfigs"
          >
            <svg
              title="Help: ScanConfigs"
            >
              help.svg
            </svg>
          </span>
        </a>
        <a
          class="c6"
          href="/scanconfigs"
        >
          <span
            class="c4 c5"
            data-testid="svg-icon"
            title="ScanConfig List"
          >
            <svg
              title="ScanConfig List"
            >
              list.svg
            </svg>
          </span>
        </a>
      </div>
    </div>
    <div
      class="c0 c1"
    >
      <div
        class="c0 c3"
      >
        <span
          class="c4 c7 c5"
          data-testid="svg-icon"
          title="Create new Scan Config"
        >
          <svg
            title="Create new Scan Config"
          >
            new.svg
          </svg>
        </span>
        <span
          class="c4 c7 c5"
          data-testid="svg-icon"
          title="Clone Scan Config"
        >
          <svg
            title="Clone Scan Config"
          >
            clone.svg
          </svg>
        </span>
        <span
          class="c4 c7 c5"
          data-testid="svg-icon"
          title="Edit Scan Config"
        >
          <svg
            title="Edit Scan Config"
          >
            edit.svg
          </svg>
        </span>
        <span
          class="c4 c7 c5"
          data-testid="svg-icon"
          title="Move Scan Config to trashcan"
        >
          <svg
            title="Move Scan Config to trashcan"
          >
            trashcan.svg
          </svg>
        </span>
        <span
          class="c4 c7 c5"
          data-testid="svg-icon"
          title="Export Scan Config as XML"
        >
          <svg
            title="Export Scan Config as XML"
          >
            export.svg
          </svg>
        </span>
        <span
          class="c4 c7 c5"
          data-testid="svg-icon"
          title="Import Scan Config"
        >
          <svg
            title="Import Scan Config"
          >
            upload.svg
          </svg>
        </span>
      </div>
    </div>
  </div>
</div>
`;
