// Jest Snapshot v1, https://goo.gl/fbAQLP

exports[`StatusBar tests should render 1`] = `
.c0 {
  height: 13px;
  box-sizing: content-box;
  display: inline-block;
  width: 100px;
  background: #4C4C4C;
  vertical-align: middle;
  text-align: center;
}

.c2 {
  z-index: 1;
  font-weight: bold;
  color: #fff;
  font-size: 9px;
  margin: 0;
  position: relative;
  top: -13px;
  padding-top: 1px;
}

.c1 {
  height: 13px;
  width: 100%;
}

.c3 {
  white-space: nowrap;
}

@media print {
  .c0 {
    background: none;
    border: 0;
  }
}

@media print {
  .c2 {
    color: black;
  }
}

@media print {
  .c1 {
    background: none;
  }
}

<div
  class="c0"
  data-testid="progressbar-box"
  title="undefined"
>
  <div
    class="c1"
    data-testid="progress"
  />
  <div
    class="c2"
  >
    <span
      class="c3"
    >
      undefined
    </span>
  </div>
</div>
`;
