// Jest Snapshot v1, https://goo.gl/fbAQLP

exports[`GreenboneLogo tests should render 1`] = `
<img
  alt="Greenbone Security Assistant"
  src="greenbone.svg"
/>
`;
