// Vitest Snapshot v1, https://vitest.dev/guide/snapshot.html

exports[`Dialog CloseButton tests > should render 1`] = `
.c0 {
  display: -webkit-box;
  display: -webkit-flex;
  display: -ms-flexbox;
  display: flex;
  font-weight: bold;
  font-size: 12px;
  font-family: Verdana,sans-serif;
  color: #074320;
  cursor: pointer;
  border-radius: 2px;
  padding: 0;
  -webkit-align-items: center;
  -webkit-box-align: center;
  -ms-flex-align: center;
  align-items: center;
  -webkit-box-pack: center;
  -ms-flex-pack: center;
  -webkit-justify-content: center;
  justify-content: center;
  -webkit-flex-shrink: 0;
  -ms-flex-negative: 0;
  flex-shrink: 0;
}

.c0 :hover {
  border: 1px solid #074320;
}

.c1 {
  height: 24px;
  width: 24px;
  line-height: 24px;
}

.c1 * {
  height: inherit;
  width: inherit;
}

<div
  class="c0 c1"
  title="Close"
>
  Ã—
</div>
`;
