// Jest Snapshot v1, https://goo.gl/fbAQLP

exports[`Dialog component tests should render a Dialog 1`] = `
.c1 {
  position: relative;
  display: -webkit-box;
  display: -webkit-flex;
  display: -ms-flexbox;
  display: flex;
  -webkit-flex-direction: column;
  -ms-flex-direction: column;
  flex-direction: column;
  margin: 10% auto;
  border: 0;
  outline: 0;
  width: 800px;
  height: px;
}

.c0 {
  position: fixed;
  font-family: Trebuchet MS,Tahoma,Verdana,Arial,sans-serif;
  font-size: 1.1em;
  top: 0;
  right: 0;
  bottom: 0;
  left: 0;
  margin: 0;
  background: rgba(102, 102, 102, 0.5);
  z-index: 600;
  -webkit-transition: opacity 1s ease-in;
  transition: opacity 1s ease-in;
  width: 100%;
  height: 100%;
}

.c3 {
  width: 0;
  height: 0;
  cursor: nwse-resize;
  border-right: 20px solid transparent;
  border-bottom: 20px solid transparent;
  border-top: 20px solid #fff;
}

.c2 {
  position: absolute;
  bottom: 3px;
  right: 3px;
  width: 20px;
  height: 20px;
  background: repeating-linear-gradient(     -45deg,     transparent,     transparent 2px,     #000 2px,     #000 3px   );
}

<body>
  <div
    id="portals"
  >
    <div>
      <div
        class="c0"
      >
        <div
          class="c1"
          height="px"
          role="dialog"
          tabindex="1"
          width="800px"
        >
          <div />
          <div
            class="c2"
          >
            <div
              class="c3"
            />
          </div>
        </div>
      </div>
    </div>
  </div>
  <div />
</body>
`;
