// Vitest Snapshot v1, https://vitest.dev/guide/snapshot.html

exports[`ErrorDialog component tests > should render ErrorDialog with text and title 1`] = `
.c3 {
  display: -webkit-box;
  display: -webkit-flex;
  display: -ms-flexbox;
  display: flex;
  -webkit-flex-direction: row;
  -ms-flex-direction: row;
  flex-direction: row;
  -webkit-box-pack: justify;
  -webkit-justify-content: space-between;
  justify-content: space-between;
  -webkit-align-items: center;
  -webkit-box-align: center;
  -ms-flex-align: center;
  align-items: center;
}

.c7 {
  display: -webkit-box;
  display: -webkit-flex;
  display: -ms-flexbox;
  display: flex;
  -webkit-flex-direction: column;
  -ms-flex-direction: column;
  flex-direction: column;
  -webkit-box-flex: 1;
  -webkit-flex-grow: 1;
  -ms-flex-positive: 1;
  flex-grow: 1;
  -webkit-box-pack: center;
  -ms-flex-pack: center;
  -webkit-justify-content: center;
  justify-content: center;
  -webkit-align-items: flex-start;
  -webkit-box-align: flex-start;
  -ms-flex-align: flex-start;
  align-items: flex-start;
}

.c10 {
  display: -webkit-box;
  display: -webkit-flex;
  display: -ms-flexbox;
  display: flex;
  -webkit-flex-direction: row;
  -ms-flex-direction: row;
  flex-direction: row;
  -webkit-flex-shrink: 0;
  -ms-flex-negative: 0;
  flex-shrink: 0;
  -webkit-box-pack: end;
  -ms-flex-pack: end;
  -webkit-justify-content: flex-end;
  justify-content: flex-end;
  -webkit-align-items: center;
  -webkit-box-align: center;
  -ms-flex-align: center;
  align-items: center;
}

.c1 {
  position: relative;
  display: -webkit-box;
  display: -webkit-flex;
  display: -ms-flexbox;
  display: flex;
  -webkit-flex-direction: column;
  -ms-flex-direction: column;
  flex-direction: column;
  margin: 10% auto;
  border: 0;
  outline: 0;
  width: 400px;
  height: autopx;
}

.c0 {
  position: fixed;
  font-family: Trebuchet MS,Tahoma,Verdana,Arial,sans-serif;
  font-size: 1.1em;
  top: 0;
  right: 0;
  bottom: 0;
  left: 0;
  margin: 0;
  background: rgba(102, 102, 102, 0.5);
  z-index: 600;
  -webkit-transition: opacity 1s ease-in;
  transition: opacity 1s ease-in;
  width: 100%;
  height: 100%;
}

.c2 {
  display: -webkit-box;
  display: -webkit-flex;
  display: -ms-flexbox;
  display: flex;
  -webkit-flex-direction: column;
  -ms-flex-direction: column;
  flex-direction: column;
  height: inherit;
  padding: 0;
  background: #fff;
  box-shadow: 5px 5px 10px #7F7F7F;
  border-radius: 3px;
  border: 1px solid #7F7F7F;
}

.c5 {
  display: -webkit-box;
  display: -webkit-flex;
  display: -ms-flexbox;
  display: flex;
  font-weight: bold;
  font-size: 12px;
  font-family: Verdana,sans-serif;
  color: #074320;
  cursor: pointer;
  border-radius: 2px;
  padding: 0;
  -webkit-align-items: center;
  -webkit-box-align: center;
  -ms-flex-align: center;
  align-items: center;
  -webkit-box-pack: center;
  -ms-flex-pack: center;
  -webkit-justify-content: center;
  justify-content: center;
  -webkit-flex-shrink: 0;
  -ms-flex-negative: 0;
  flex-shrink: 0;
}

.c5 :hover {
  border: 1px solid #074320;
}

.c6 {
  height: 24px;
  width: 24px;
  line-height: 24px;
}

.c6 * {
  height: inherit;
  width: inherit;
}

.c12 {
  display: inline-block;
  padding: 0 15px;
  color: #4C4C4C;
  text-align: center;
  vertical-align: middle;
  font-size: 11px;
  font-weight: bold;
  line-height: 30px;
  -webkit-text-decoration: none;
  text-decoration: none;
  white-space: nowrap;
  background-color: #fff;
  border-radius: 2px;
  border: 1px solid #bfbfbf;
  cursor: pointer;
  overflow: visible;
  z-index: 1;
}

.c12:focus,
.c12:hover {
  border: 1px solid #4C4C4C;
}

.c12:hover {
  -webkit-text-decoration: none;
  text-decoration: none;
  background: #11ab51;
  font-weight: bold;
  color: #fff;
}

.c12[disabled] {
  cursor: not-allowed;
  opacity: 0.65;
  box-shadow: none;
}

.c12 img {
  height: 32px;
  width: 32px;
  margin-top: 5px 10px 5px -10px;
  vertical-align: middle;
}

.c12:link {
  -webkit-text-decoration: none;
  text-decoration: none;
  color: #4C4C4C;
}

.c13 {
  display: -webkit-box;
  display: -webkit-flex;
  display: -ms-flexbox;
  display: flex;
  -webkit-flex-direction: row;
  -ms-flex-direction: row;
  flex-direction: row;
  -webkit-box-pack: center;
  -ms-flex-pack: center;
  -webkit-justify-content: center;
  justify-content: center;
  -webkit-align-items: center;
  -webkit-box-align: center;
  -ms-flex-align: center;
  align-items: center;
}

.c14 {
  border: 1px solid #7F7F7F;
  color: #fff;
  background: #11ab51;
}

.c14 :hover {
  color: #074320;
  background: #A1DDBA;
}

.c11 {
  border-width: 1px 0 0 0;
  border-style: solid;
  border-color: #e5e5e5;
  margin-top: 15px;
  padding: 10px 20px 10px 20px;
}

.c4 {
  padding: 5px 5px 5px 10px;
  margin-bottom: 15px;
  border-radius: 2px 2px 0 0;
  border-bottom: 1px solid #7F7F7F;
  color: #fff;
  font-weight: bold;
  background: #11ab51;
  -webkit-align-items: center;
  -webkit-box-align: center;
  -ms-flex-align: center;
  align-items: center;
  -webkit-box-pack: justify;
  -webkit-justify-content: space-between;
  justify-content: space-between;
  -webkit-flex-shrink: 0;
  -ms-flex-negative: 0;
  flex-shrink: 0;
  cursor: -webkit-grab;
  cursor: grab;
}

.c9 {
  overflow: auto;
  padding: 0 15px;
  width: 100%;
  height: 100%;
}

.c8 {
  overflow: hidden;
  height: 100%;
}

<body>
  <div
    id="portals"
  >
    <div>
      <div
        class="c0"
      >
        <div
          class="c1"
          height="autopx"
          role="dialog"
          tabindex="1"
          width="400px"
        >
          <div
            class="c2"
          >
            <div
              class="c3 c4"
              data-testid="dialog-title-bar"
            >
              <span>
                bar
              </span>
              <div
                class="c5 c6"
                data-testid="dialog-title-close-button"
                title="Close"
              >
                Ã—
              </div>
            </div>
            <div
              class="c7 c8"
            >
              <div
                class="c9"
                data-testid="errordialog-content"
              >
                foo
              </div>
            </div>
            <div
              class="c10 c11"
            >
              <button
                class="c12 c13 c14"
                title="OK"
              >
                OK
              </button>
            </div>
          </div>
        </div>
      </div>
    </div>
  </div>
  <div />
</body>
`;
