// Jest Snapshot v1, https://goo.gl/fbAQLP

exports[`Badge tests should render badge 1`] = `
.c1 {
  height: 16px;
  width: 16px;
  line-height: 16px;
}

.c1 * {
  height: inherit;
  width: inherit;
}

.c0 {
  position: relative;
  display: -webkit-inline-box;
  display: -webkit-inline-flex;
  display: -ms-inline-flexbox;
  display: inline-flex;
  margin-right: 0px;
}

.c2 {
  display: -webkit-box;
  display: -webkit-flex;
  display: -ms-flexbox;
  display: flex;
  -webkit-flex-direction: row;
  -ms-flex-direction: row;
  flex-direction: row;
  -webkit-flex-wrap: wrap;
  -ms-flex-wrap: wrap;
  flex-wrap: wrap;
  -webkit-box-pack: center;
  -webkit-justify-content: center;
  -ms-flex-pack: center;
  justify-content: center;
  -webkit-align-content: center;
  -ms-flex-line-pack: center;
  align-content: center;
  -webkit-align-items: center;
  -webkit-box-align: center;
  -ms-flex-align: center;
  align-items: center;
  position: absolute;
  font-size: 10px;
  background-color: red;
  font-weight: bold;
  border-radius: 10px;
  min-width: 10px;
  padding: 3px 5px;
  z-index: 1;
  background-color: #66c430;
  color: #fff;
  bottom: -8px;
  right: 0px;
}

<div
  class="c0"
>
  <span
    class="c1"
    data-testid="svg-icon"
  >
    <svg>
      report.svg
    </svg>
  </span>
  <span
    class="c2"
    data-testid="badge-icon"
  >
    1
  </span>
</div>
`;
