// Jest Snapshot v1, https://goo.gl/fbAQLP

exports[`RADIUS dialog component tests should render dialog 1`] = `
.c8 {
  display: -webkit-box;
  display: -webkit-flex;
  display: -ms-flexbox;
  display: flex;
  -webkit-flex-direction: column;
  -ms-flex-direction: column;
  flex-direction: column;
  -webkit-box-pack: center;
  -webkit-justify-content: center;
  -ms-flex-pack: center;
  justify-content: center;
  -webkit-align-items: stretch;
  -webkit-box-align: stretch;
  -ms-flex-align: stretch;
  align-items: stretch;
}

.c14 {
  display: -webkit-box;
  display: -webkit-flex;
  display: -ms-flexbox;
  display: flex;
  -webkit-flex-direction: row;
  -ms-flex-direction: row;
  flex-direction: row;
  -webkit-box-pack: start;
  -webkit-justify-content: start;
  -ms-flex-pack: start;
  justify-content: start;
  -webkit-align-items: center;
  -webkit-box-align: center;
  -ms-flex-align: center;
  align-items: center;
  margin-left: -5px;
}

.c14 > * {
  display: -webkit-inline-box;
  display: -webkit-inline-flex;
  display: -ms-inline-flexbox;
  display: inline-flex;
}

.c14 > * {
  margin-left: 5px;
}

.c13 {
  display: -webkit-box;
  display: -webkit-flex;
  display: -ms-flexbox;
  display: flex;
  -webkit-flex-direction: row;
  -ms-flex-direction: row;
  flex-direction: row;
  -webkit-box-pack: start;
  -webkit-justify-content: start;
  -ms-flex-pack: start;
  justify-content: start;
  -webkit-align-items: center;
  -webkit-box-align: center;
  -ms-flex-align: center;
  align-items: center;
  display: -webkit-inline-box;
  display: -webkit-inline-flex;
  display: -ms-inline-flexbox;
  display: inline-flex;
}

.c1 {
  position: relative;
  display: -webkit-box;
  display: -webkit-flex;
  display: -ms-flexbox;
  display: flex;
  -webkit-flex-direction: column;
  -ms-flex-direction: column;
  flex-direction: column;
  margin: 10% auto;
  border: 0;
  outline: 0;
  width: 800px;
  height: px;
}

.c0 {
  position: fixed;
  font-family: Trebuchet MS,Tahoma,Verdana,Arial,sans-serif;
  font-size: 1.1em;
  top: 0;
  right: 0;
  bottom: 0;
  left: 0;
  margin: 0;
  background: rgba(102,102,102,0.5);
  z-index: 600;
  -webkit-transition: opacity 1s ease-in;
  transition: opacity 1s ease-in;
  width: 100%;
  height: 100%;
}

.c24 {
  width: 0;
  height: 0;
  cursor: nwse-resize;
  border-right: 20px solid transparent;
  border-bottom: 20px solid transparent;
  border-top: 20px solid #fff;
}

.c23 {
  position: absolute;
  bottom: 3px;
  right: 3px;
  width: 20px;
  height: 20px;
  background: repeating-linear-gradient( -45deg, transparent, transparent 2px, #000 2px, #000 3px );
}

.c2 {
  display: -webkit-box;
  display: -webkit-flex;
  display: -ms-flexbox;
  display: flex;
  -webkit-flex-direction: column;
  -ms-flex-direction: column;
  flex-direction: column;
  height: inherit;
  padding: 0;
  background: #fff;
  box-shadow: 5px 5px 10px #787878;
  border-radius: 3px;
  border: 1px solid #787878;
}

.c4 {
  display: -webkit-box;
  display: -webkit-flex;
  display: -ms-flexbox;
  display: flex;
  border: 1px solid #519032;
  font-weight: bold;
  font-size: 12px;
  font-family: Verdana,sans-serif;
  color: #519032;
  cursor: pointer;
  border-radius: 2px;
  padding: 0;
  -webkit-align-items: center;
  -webkit-box-align: center;
  -ms-flex-align: center;
  align-items: center;
  -webkit-box-pack: center;
  -webkit-justify-content: center;
  -ms-flex-pack: center;
  justify-content: center;
  -webkit-flex-shrink: 0;
  -ms-flex-negative: 0;
  flex-shrink: 0;
}

.c4:hover {
  color: #fff;
  background: #519032;
}

.c5 {
  height: 24px;
  width: 24px;
  line-height: 24px;
}

.c5 * {
  height: inherit;
  width: inherit;
}

.c20 {
  display: inline-block;
  padding: 0 15px;
  color: #393637;
  text-align: center;
  vertical-align: middle;
  font-size: 11px;
  font-weight: bold;
  line-height: 30px;
  -webkit-text-decoration: none;
  text-decoration: none;
  white-space: nowrap;
  background-color: #fff;
  border-radius: 2px;
  border: 1px solid #aaaaaa;
  cursor: pointer;
  overflow: visible;
  z-index: 1;
}

.c20:focus,
.c20:hover {
  border: 1px solid #393637;
}

.c20:hover {
  -webkit-text-decoration: none;
  text-decoration: none;
  background: #66c430;
  font-weight: bold;
  color: #fff;
}

.c20[disabled] {
  cursor: not-allowed;
  opacity: 0.65;
  box-shadow: none;
}

.c20 img {
  height: 32px;
  width: 32px;
  margin-top: 5px 10px 5px -10px;
  vertical-align: middle;
}

.c20:link {
  -webkit-text-decoration: none;
  text-decoration: none;
  color: #393637;
}

.c21 {
  display: -webkit-box;
  display: -webkit-flex;
  display: -ms-flexbox;
  display: flex;
  -webkit-flex-direction: row;
  -ms-flex-direction: row;
  flex-direction: row;
  -webkit-box-pack: center;
  -webkit-justify-content: center;
  -ms-flex-pack: center;
  justify-content: center;
  -webkit-align-items: center;
  -webkit-box-align: center;
  -ms-flex-align: center;
  align-items: center;
}

.c22 {
  border: 1px solid #787878;
  color: #519032;
  background: #87d050;
}

.c22:hover {
  color: #fff;
  background: #519032;
}

.c19 {
  display: -webkit-box;
  display: -webkit-flex;
  display: -ms-flexbox;
  display: flex;
  -webkit-flex-direction: row;
  -ms-flex-direction: row;
  flex-direction: row;
  -webkit-flex-shrink: 0;
  -ms-flex-negative: 0;
  flex-shrink: 0;
  -webkit-box-pack: end;
  -webkit-justify-content: flex-end;
  -ms-flex-pack: end;
  justify-content: flex-end;
  -webkit-align-items: center;
  -webkit-box-align: center;
  -ms-flex-align: center;
  align-items: center;
  border-width: 1px 0 0 0;
  border-style: solid;
  border-color: #c8d3d9;
  margin-top: 15px;
  padding: 10px 20px 10px 20px;
  -webkit-box-pack: justify;
  -webkit-justify-content: space-between;
  -ms-flex-pack: justify;
  justify-content: space-between;
}

.c3 {
  display: -webkit-box;
  display: -webkit-flex;
  display: -ms-flexbox;
  display: flex;
  -webkit-flex-direction: row;
  -ms-flex-direction: row;
  flex-direction: row;
  -webkit-box-pack: justify;
  -webkit-justify-content: space-between;
  -ms-flex-pack: justify;
  justify-content: space-between;
  -webkit-align-items: center;
  -webkit-box-align: center;
  -ms-flex-align: center;
  align-items: center;
  padding: 5px 5px 5px 10px;
  margin-bottom: 15px;
  border-radius: 2px 2px 0 0;
  border-bottom: 1px solid #787878;
  color: #fff;
  font-weight: bold;
  background: #66c430;
  -webkit-align-items: center;
  -webkit-box-align: center;
  -ms-flex-align: center;
  align-items: center;
  -webkit-box-pack: justify;
  -webkit-justify-content: space-between;
  -ms-flex-pack: justify;
  justify-content: space-between;
  -webkit-flex-shrink: 0;
  -ms-flex-negative: 0;
  flex-shrink: 0;
  cursor: -webkit-grab;
  cursor: -moz-grab;
  cursor: grab;
}

.c7 {
  overflow: auto;
  padding: 0 15px;
  width: 100%;
  height: 100%;
  max-height: 400px;
}

.c6 {
  display: -webkit-box;
  display: -webkit-flex;
  display: -ms-flexbox;
  display: flex;
  -webkit-flex-direction: column;
  -ms-flex-direction: column;
  flex-direction: column;
  -webkit-box-flex: 1;
  -webkit-flex-grow: 1;
  -ms-flex-positive: 1;
  flex-grow: 1;
  -webkit-box-pack: center;
  -webkit-justify-content: center;
  -ms-flex-pack: center;
  justify-content: center;
  -webkit-align-items: flex-start;
  -webkit-box-align: flex-start;
  -ms-flex-align: flex-start;
  align-items: flex-start;
  overflow: hidden;
  height: 100%;
}

.c9 {
  display: -webkit-box;
  display: -webkit-flex;
  display: -ms-flexbox;
  display: flex;
  -webkit-align-items: center;
  -webkit-box-align: center;
  -ms-flex-align: center;
  align-items: center;
  -webkit-box-pack: start;
  -webkit-justify-content: start;
  -ms-flex-pack: start;
  justify-content: start;
  padding-bottom: 10px;
}

.c10 {
  display: inline-block;
  max-width: 100%;
  font-weight: bold;
  text-align: right;
  padding-left: 10px;
  padding-right: 10px;
  width: 16.66666667%;
  margin-left: 0;
}

.c11 {
  display: -webkit-box;
  display: -webkit-flex;
  display: -ms-flexbox;
  display: flex;
  -webkit-flex-direction: row;
  -ms-flex-direction: row;
  flex-direction: row;
  -webkit-box-pack: start;
  -webkit-justify-content: start;
  -ms-flex-pack: start;
  justify-content: start;
  -webkit-align-items: center;
  -webkit-box-align: center;
  -ms-flex-align: center;
  align-items: center;
  width: 83.33333333%;
  padding-left: 10px;
  padding-right: 10px;
}

.c17 {
  font-family: inherit;
  font-size: inherit;
  line-height: inherit;
  display: block;
  height: 22px;
  color: #393637;
  background-color: #fff;
  background-image: none;
  border: 1px solid #aaaaaa;
  border-radius: 2px;
  padding: 1px 8px;
}

.c17:-webkit-autofill {
  box-shadow: 0 0 0 1000px white inset;
}

.c18 {
  display: -webkit-box;
  display: -webkit-flex;
  display: -ms-flexbox;
  display: flex;
  -webkit-flex-direction: row;
  -ms-flex-direction: row;
  flex-direction: row;
  -webkit-box-pack: start;
  -webkit-justify-content: start;
  -ms-flex-pack: start;
  justify-content: start;
  -webkit-align-items: center;
  -webkit-box-align: center;
  -ms-flex-align: center;
  align-items: center;
}

.c12 {
  display: -webkit-inline-box;
  display: -webkit-inline-flex;
  display: -ms-inline-flexbox;
  display: inline-flex;
  -webkit-flex-direction: row;
  -ms-flex-direction: row;
  flex-direction: row;
  -webkit-align-items: center;
  -webkit-box-align: center;
  -ms-flex-align: center;
  align-items: center;
  font-weight: normal;
  cursor: pointer;
}

.c15 {
  font-family: inherit;
  font-size: inherit;
  padding: 0;
  margin: 0;
  margin-left: 10px;
  line-height: normal;
  width: auto;
  height: auto;
}

.c16 {
  display: -webkit-box;
  display: -webkit-flex;
  display: -ms-flexbox;
  display: flex;
  -webkit-flex-direction: row;
  -ms-flex-direction: row;
  flex-direction: row;
  -webkit-box-pack: start;
  -webkit-justify-content: start;
  -ms-flex-pack: start;
  justify-content: start;
  -webkit-align-items: center;
  -webkit-box-align: center;
  -ms-flex-align: center;
  align-items: center;
}

<body>
  <div
    id="portals"
  >
    <div>
      <div
        class="c0"
      >
        <div
          class="c1"
          height="px"
          role="dialog"
          tabindex="1"
          width="800px"
        >
          <div
            class="c2"
          >
            <div
              class="c3"
              data-testid="dialog-title-bar"
            >
              <span>
                Edit RADIUS Authentication
              </span>
              <div
                class="c4 c5"
                data-testid="dialog-title-close-button"
                title="Close"
              >
                ×
              </div>
            </div>
            <div
              class="c6"
            >
              <div
                class="c7"
                data-testid="save-dialog-content"
              >
                <div
                  class="c8"
                >
                  <div
                    class="c9"
                  >
                    <label
                      class="c10"
                      data-testid="formgroup-title"
                    >
                      Enable
                    </label>
                    <div
                      class="c11"
                      data-testid="formgroup-content"
                      size="10"
                    >
                      <label
                        class="c12"
                      >
                        <div
                          class="c13"
                        >
                          <div
                            class="c14"
                            margin="5px"
                          >
                            <input
                              checked=""
                              class="c15 c16"
                              data-testid="enable-checkbox"
                              name="enable"
                              type="checkbox"
                            />
                          </div>
                        </div>
                      </label>
                    </div>
                  </div>
                  <div
                    class="c9"
                  >
                    <label
                      class="c10"
                      data-testid="formgroup-title"
                    >
                      RADIUS Host
                    </label>
                    <div
                      class="c11"
                      data-testid="formgroup-content"
                      size="10"
                    >
                      <input
                        class="c17 c18"
                        data-testid="radiushost-textfield"
                        name="radiushost"
                        size="50"
                        type="text"
                        value="foo"
                      />
                    </div>
                  </div>
                  <div
                    class="c9"
                  >
                    <label
                      class="c10"
                      data-testid="formgroup-title"
                    >
                      Secret Key
                    </label>
                    <div
                      class="c11"
                      data-testid="formgroup-content"
                      size="10"
                    >
                      <input
                        class="c17 c18"
                        data-testid="radiuskey-textfield"
                        name="radiuskey"
                        size="50"
                        type="password"
                        value="bar"
                      />
                    </div>
                  </div>
                </div>
              </div>
            </div>
            <div
              class="c19"
            >
              <button
                class="c20 c21 c22"
                data-testid="dialog-close-button"
                title="Cancel"
              >
                Cancel
              </button>
              <button
                class="c20 c21 c22"
                data-testid="dialog-save-button"
                title="Save"
              >
                Save
              </button>
            </div>
          </div>
          <div
            class="c23"
          >
            <div
              class="c24"
            />
          </div>
        </div>
      </div>
    </div>
  </div>
  <div />
</body>
`;
