// Vitest Snapshot v1, https://vitest.dev/guide/snapshot.html

exports[`ProductImage tests > should render 1`] = `
.c0 {
  display: -webkit-box;
  display: -webkit-flex;
  display: -ms-flexbox;
  display: flex;
  height: 180px;
}

<img
  alt="OPENVAS SCAN"
  class="c0"
  src="/img/login-label.svg"
/>
`;
